Archive member included to satisfy reference by file (symbol)

c:/program files (x86)/atollic/truestudio for stm32 9.3.0/armtools/bin/../lib/gcc/arm-atollic-eabi/6.3.1/../../../../arm-atollic-eabi/lib/armv6-m\libc_nano.a(lib_a-errno.o)
                              Core\Src\syscalls.o (__errno)
c:/program files (x86)/atollic/truestudio for stm32 9.3.0/armtools/bin/../lib/gcc/arm-atollic-eabi/6.3.1/../../../../arm-atollic-eabi/lib/armv6-m\libc_nano.a(lib_a-impure.o)
                              c:/program files (x86)/atollic/truestudio for stm32 9.3.0/armtools/bin/../lib/gcc/arm-atollic-eabi/6.3.1/../../../../arm-atollic-eabi/lib/armv6-m\libc_nano.a(lib_a-errno.o) (_impure_ptr)
c:/program files (x86)/atollic/truestudio for stm32 9.3.0/armtools/bin/../lib/gcc/arm-atollic-eabi/6.3.1/../../../../arm-atollic-eabi/lib/armv6-m\libc_nano.a(lib_a-init.o)
                              startup\startup_stm32l071xx.o (__libc_init_array)
c:/program files (x86)/atollic/truestudio for stm32 9.3.0/armtools/bin/../lib/gcc/arm-atollic-eabi/6.3.1/../../../../arm-atollic-eabi/lib/armv6-m\libc_nano.a(lib_a-memcmp.o)
                              Core\TaskCore\AuxRfProcess.o (memcmp)
c:/program files (x86)/atollic/truestudio for stm32 9.3.0/armtools/bin/../lib/gcc/arm-atollic-eabi/6.3.1/../../../../arm-atollic-eabi/lib/armv6-m\libc_nano.a(lib_a-memcpy-stub.o)
                              Core\Src\SignalProcessing.o (memcpy)
c:/program files (x86)/atollic/truestudio for stm32 9.3.0/armtools/bin/../lib/gcc/arm-atollic-eabi/6.3.1/../../../../arm-atollic-eabi/lib/armv6-m\libc_nano.a(lib_a-memset.o)
                              Core\Src\adc.o (memset)
c:/program files (x86)/atollic/truestudio for stm32 9.3.0/armtools/bin/../lib/gcc/arm-atollic-eabi/6.3.1/../../../../arm-atollic-eabi/lib/armv6-m\libm.a(lib_a-s_ceil.o)
                              Submodules\RF_Semtech\radio.o (ceil)
c:/program files (x86)/atollic/truestudio for stm32 9.3.0/armtools/bin/../lib/gcc/arm-atollic-eabi/6.3.1/../../../../arm-atollic-eabi/lib/armv6-m\libm.a(lib_a-s_floor.o)
                              Submodules\RF_Semtech\radio.o (floor)
c:/program files (x86)/atollic/truestudio for stm32 9.3.0/armtools/bin/../lib/gcc/arm-atollic-eabi/6.3.1/../../../../arm-atollic-eabi/lib/armv6-m\libm.a(lib_a-s_rint.o)
                              Submodules\RF_Semtech\radio.o (rint)
c:/program files (x86)/atollic/truestudio for stm32 9.3.0/armtools/bin/../lib/gcc/arm-atollic-eabi/6.3.1/../../../../arm-atollic-eabi/lib/armv6-m\libm.a(lib_a-s_round.o)
                              Core\Src\SignalProcessing.o (round)
c:/program files (x86)/atollic/truestudio for stm32 9.3.0/armtools/bin/../lib/gcc/arm-atollic-eabi/6.3.1/armv6-m\libgcc.a(_udivsi3.o)
                              Core\Src\main.o (__aeabi_uidiv)
c:/program files (x86)/atollic/truestudio for stm32 9.3.0/armtools/bin/../lib/gcc/arm-atollic-eabi/6.3.1/armv6-m\libgcc.a(_divsi3.o)
                              Core\Tickless\JR_RTC.o (__aeabi_idivmod)
c:/program files (x86)/atollic/truestudio for stm32 9.3.0/armtools/bin/../lib/gcc/arm-atollic-eabi/6.3.1/armv6-m\libgcc.a(_dvmd_tls.o)
                              c:/program files (x86)/atollic/truestudio for stm32 9.3.0/armtools/bin/../lib/gcc/arm-atollic-eabi/6.3.1/armv6-m\libgcc.a(_udivsi3.o) (__aeabi_idiv0)
c:/program files (x86)/atollic/truestudio for stm32 9.3.0/armtools/bin/../lib/gcc/arm-atollic-eabi/6.3.1/armv6-m\libgcc.a(_arm_cmpdf2.o)
                              Core\Src\SignalProcessing.o (__aeabi_dcmplt)
c:/program files (x86)/atollic/truestudio for stm32 9.3.0/armtools/bin/../lib/gcc/arm-atollic-eabi/6.3.1/armv6-m\libgcc.a(_aeabi_ulcmp.o)
                              Core\TaskCore\AuxRfProcess.o (__aeabi_ulcmp)
c:/program files (x86)/atollic/truestudio for stm32 9.3.0/armtools/bin/../lib/gcc/arm-atollic-eabi/6.3.1/armv6-m\libgcc.a(_aeabi_uldivmod.o)
                              Core\Tickless\JR_RTC.o (__aeabi_uldivmod)
c:/program files (x86)/atollic/truestudio for stm32 9.3.0/armtools/bin/../lib/gcc/arm-atollic-eabi/6.3.1/armv6-m\libgcc.a(_muldi3.o)
                              Core\Tickless\JR_RTC.o (__aeabi_lmul)
c:/program files (x86)/atollic/truestudio for stm32 9.3.0/armtools/bin/../lib/gcc/arm-atollic-eabi/6.3.1/armv6-m\libgcc.a(_fixunsdfsi.o)
                              Core\Src\SignalProcessing.o (__aeabi_d2uiz)
c:/program files (x86)/atollic/truestudio for stm32 9.3.0/armtools/bin/../lib/gcc/arm-atollic-eabi/6.3.1/armv6-m\libgcc.a(_udivmoddi4.o)
                              c:/program files (x86)/atollic/truestudio for stm32 9.3.0/armtools/bin/../lib/gcc/arm-atollic-eabi/6.3.1/armv6-m\libgcc.a(_aeabi_uldivmod.o) (__udivmoddi4)
c:/program files (x86)/atollic/truestudio for stm32 9.3.0/armtools/bin/../lib/gcc/arm-atollic-eabi/6.3.1/armv6-m\libgcc.a(adddf3.o)
                              Core\Src\SignalProcessing.o (__aeabi_dadd)
[...]
Memory Configuration

Name             Origin             Length             Attributes
RAM              0x20000000         0x00005000         xrw
FLASH            0x08000000         0x00020000         xr
*default*        0x00000000         0xffffffff

Linker script and memory map

LOAD c:/program files (x86)/atollic/truestudio for stm32 9.3.0/armtools/bin/../lib/gcc/arm-atollic-eabi/6.3.1/armv6-m/crti.o
LOAD c:/program files (x86)/atollic/truestudio for stm32 9.3.0/armtools/bin/../lib/gcc/arm-atollic-eabi/6.3.1/armv6-m/crtbegin.o
LOAD Core\PacketCounter\EEPROM_counter.o
LOAD Core\Src\ConfigProfile\LoadConfig.o
LOAD Core\Src\SignalProcessing.o
LOAD Core\Src\adc.o
LOAD Core\Src\dma.o
LOAD Core\Src\freertos.o
LOAD Core\Src\gpio.o
LOAD Core\Src\main.o
LOAD Core\Src\rtc.o
LOAD Core\Src\spi.o
LOAD Core\Src\stm32l0xx_hal_msp.o
LOAD Core\Src\stm32l0xx_it.o
LOAD Core\Src\syscalls.o
LOAD Core\Src\system_stm32l0xx.o
LOAD Core\Src\tim.o
LOAD Core\Src\wwdg.o
LOAD Core\TaskCore\AuxRfProcess.o
LOAD Core\TaskCore\HandleADC.o
LOAD Core\TaskCore\ProcessCoreTask.o
LOAD Core\TaskCore\TaskCore.o
LOAD Core\TaskRF\AES_SW.o
LOAD Core\TaskRF\ProcessRFTask.o
LOAD Core\TaskRF\RadioUser.o
LOAD Core\TaskRF\TaskRF.o
LOAD Core\Tickless\DynamicSleep.o
LOAD Core\Tickless\JR_RTC.o
LOAD Core\Tickless\Tickless_LP.o
LOAD Core\Tickless\sleepmgr.o
LOAD Drivers\STM32L0xx_HAL_Driver\Src\stm32l0xx_hal.o
LOAD Drivers\STM32L0xx_HAL_Driver\Src\stm32l0xx_hal_adc.o
LOAD Drivers\STM32L0xx_HAL_Driver\Src\stm32l0xx_hal_adc_ex.o
LOAD Drivers\STM32L0xx_HAL_Driver\Src\stm32l0xx_hal_cortex.o
LOAD Drivers\STM32L0xx_HAL_Driver\Src\stm32l0xx_hal_dma.o
LOAD Drivers\STM32L0xx_HAL_Driver\Src\stm32l0xx_hal_flash.o
LOAD Drivers\STM32L0xx_HAL_Driver\Src\stm32l0xx_hal_flash_ex.o
LOAD Drivers\STM32L0xx_HAL_Driver\Src\stm32l0xx_hal_flash_ramfunc.o
LOAD Drivers\STM32L0xx_HAL_Driver\Src\stm32l0xx_hal_gpio.o
LOAD Drivers\STM32L0xx_HAL_Driver\Src\stm32l0xx_hal_i2c.o
LOAD Drivers\STM32L0xx_HAL_Driver\Src\stm32l0xx_hal_i2c_ex.o
LOAD Drivers\STM32L0xx_HAL_Driver\Src\stm32l0xx_hal_pwr.o
LOAD Drivers\STM32L0xx_HAL_Driver\Src\stm32l0xx_hal_pwr_ex.o
LOAD Drivers\STM32L0xx_HAL_Driver\Src\stm32l0xx_hal_rcc.o
LOAD Drivers\STM32L0xx_HAL_Driver\Src\stm32l0xx_hal_rcc_ex.o
LOAD Drivers\STM32L0xx_HAL_Driver\Src\stm32l0xx_hal_rtc.o
LOAD Drivers\STM32L0xx_HAL_Driver\Src\stm32l0xx_hal_rtc_ex.o
LOAD Drivers\STM32L0xx_HAL_Driver\Src\stm32l0xx_hal_spi.o
LOAD Drivers\STM32L0xx_HAL_Driver\Src\stm32l0xx_hal_tim.o
LOAD Drivers\STM32L0xx_HAL_Driver\Src\stm32l0xx_hal_tim_ex.o
LOAD Drivers\STM32L0xx_HAL_Driver\Src\stm32l0xx_hal_wwdg.o
LOAD Drivers\STM32L0xx_LL_Driver\src\stm32l0xx_ll_adc.o
LOAD Drivers\STM32L0xx_LL_Driver\src\stm32l0xx_ll_comp.o
LOAD Drivers\STM32L0xx_LL_Driver\src\stm32l0xx_ll_crc.o
LOAD Drivers\STM32L0xx_LL_Driver\src\stm32l0xx_ll_crs.o
LOAD Drivers\STM32L0xx_LL_Driver\src\stm32l0xx_ll_dac.o
LOAD Drivers\STM32L0xx_LL_Driver\src\stm32l0xx_ll_dma.o
LOAD Drivers\STM32L0xx_LL_Driver\src\stm32l0xx_ll_exti.o
LOAD Drivers\STM32L0xx_LL_Driver\src\stm32l0xx_ll_gpio.o
LOAD Drivers\STM32L0xx_LL_Driver\src\stm32l0xx_ll_i2c.o
LOAD Drivers\STM32L0xx_LL_Driver\src\stm32l0xx_ll_lptim.o
LOAD Drivers\STM32L0xx_LL_Driver\src\stm32l0xx_ll_lpuart.o
LOAD Drivers\STM32L0xx_LL_Driver\src\stm32l0xx_ll_pwr.o
LOAD Drivers\STM32L0xx_LL_Driver\src\stm32l0xx_ll_rcc.o
LOAD Drivers\STM32L0xx_LL_Driver\src\stm32l0xx_ll_rng.o
LOAD Drivers\STM32L0xx_LL_Driver\src\stm32l0xx_ll_rtc.o
LOAD Drivers\STM32L0xx_LL_Driver\src\stm32l0xx_ll_spi.o
LOAD Drivers\STM32L0xx_LL_Driver\src\stm32l0xx_ll_tim.o
LOAD Drivers\STM32L0xx_LL_Driver\src\stm32l0xx_ll_usart.o
LOAD Drivers\STM32L0xx_LL_Driver\src\stm32l0xx_ll_usb.o
LOAD Drivers\STM32L0xx_LL_Driver\src\stm32l0xx_ll_utils.o
LOAD FactoryTest\TestVyroba.o
LOAD Middlewares\Third_Party\FreeRTOS\Source\CMSIS_RTOS\cmsis_os.o
LOAD Middlewares\Third_Party\FreeRTOS\Source\croutine.o
LOAD Middlewares\Third_Party\FreeRTOS\Source\event_groups.o
LOAD Middlewares\Third_Party\FreeRTOS\Source\list.o
LOAD Middlewares\Third_Party\FreeRTOS\Source\portable\GCC\ARM_CM0\port.o
LOAD Middlewares\Third_Party\FreeRTOS\Source\portable\MemMang\heap_4.o
LOAD Middlewares\Third_Party\FreeRTOS\Source\queue.o
LOAD Middlewares\Third_Party\FreeRTOS\Source\stream_buffer.o
LOAD Middlewares\Third_Party\FreeRTOS\Source\tasks.o
LOAD Middlewares\Third_Party\FreeRTOS\Source\timers.o
LOAD Submodules\RF_Semtech\LoRa_Codec.o
LOAD Submodules\RF_Semtech\radio.o
LOAD Submodules\RF_Semtech\sx126x.o
LOAD Submodules\TemplateRadioUser.o
LOAD Submodules\radio_general.o
LOAD startup\startup_stm32l071xx.o
                0x00000080                malloc_getpagesize_P = 0x80
START GROUP
LOAD c:/program files (x86)/atollic/truestudio for stm32 9.3.0/armtools/bin/../lib/gcc/arm-atollic-eabi/6.3.1/../../../../arm-atollic-eabi/lib/armv6-m\libc_nano.a
LOAD c:/program files (x86)/atollic/truestudio for stm32 9.3.0/armtools/bin/../lib/gcc/arm-atollic-eabi/6.3.1/../../../../arm-atollic-eabi/lib/armv6-m\libm.a
END GROUP
START GROUP
LOAD c:/program files (x86)/atollic/truestudio for stm32 9.3.0/armtools/bin/../lib/gcc/arm-atollic-eabi/6.3.1/armv6-m\libgcc.a
LOAD c:/program files (x86)/atollic/truestudio for stm32 9.3.0/armtools/bin/../lib/gcc/arm-atollic-eabi/6.3.1/../../../../arm-atollic-eabi/lib/armv6-m\libc_nano.a
END GROUP
START GROUP
LOAD c:/program files (x86)/atollic/truestudio for stm32 9.3.0/armtools/bin/../lib/gcc/arm-atollic-eabi/6.3.1/armv6-m\libgcc.a
LOAD c:/program files (x86)/atollic/truestudio for stm32 9.3.0/armtools/bin/../lib/gcc/arm-atollic-eabi/6.3.1/../../../../arm-atollic-eabi/lib/armv6-m\libc_nano.a
LOAD c:/program files (x86)/atollic/truestudio for stm32 9.3.0/armtools/bin/../lib/gcc/arm-atollic-eabi/6.3.1/../../../../arm-atollic-eabi/lib/armv6-m\libnosys.a
END GROUP
START GROUP
LOAD c:/program files (x86)/atollic/truestudio for stm32 9.3.0/armtools/bin/../lib/gcc/arm-atollic-eabi/6.3.1/armv6-m\libgcc.a
LOAD c:/program files (x86)/atollic/truestudio for stm32 9.3.0/armtools/bin/../lib/gcc/arm-atollic-eabi/6.3.1/../../../../arm-atollic-eabi/lib/armv6-m\libc_nano.a
LOAD c:/program files (x86)/atollic/truestudio for stm32 9.3.0/armtools/bin/../lib/gcc/arm-atollic-eabi/6.3.1/../../../../arm-atollic-eabi/lib/armv6-m\libnosys.a
END GROUP
LOAD c:/program files (x86)/atollic/truestudio for stm32 9.3.0/armtools/bin/../lib/gcc/arm-atollic-eabi/6.3.1/armv6-m/crtend.o
LOAD c:/program files (x86)/atollic/truestudio for stm32 9.3.0/armtools/bin/../lib/gcc/arm-atollic-eabi/6.3.1/armv6-m/crtn.o
                0x20005000                _estack = 0x20005000
                0x00000200                _Min_Heap_Size = 0x200
                0x00000400                _Min_Stack_Size = 0x400

.isr_vector     0x08000000       0xc0
                0x08000000                . = ALIGN (0x4)
 *(.isr_vector)
 .isr_vector    0x08000000       0xc0 startup\startup_stm32l071xx.o
                0x08000000                g_pfnVectors
                0x080000c0                . = ALIGN (0x4)

.text           0x080000c0     0xe4b8
                0x080000c0                . = ALIGN (0x4)
 *(.text)
 .text          0x080000c0       0x48 c:/program files (x86)/atollic/truestudio for stm32 9.3.0/armtools/bin/../lib/gcc/arm-atollic-eabi/6.3.1/armv6-m/crtbegin.o
 .text          0x08000108      0x114 c:/program files (x86)/atollic/truestudio for stm32 9.3.0/armtools/bin/../lib/gcc/arm-atollic-eabi/6.3.1/armv6-m\libgcc.a(_udivsi3.o)
                0x08000108                __aeabi_uidiv
                0x08000108                __udivsi3
                0x08000214                __aeabi_uidivmod
 .text          0x0800021c      0x1d4 c:/program files (x86)/atollic/truestudio for stm32 9.3.0/armtools/bin/../lib/gcc/arm-atollic-eabi/6.3.1/armv6-m\libgcc.a(_divsi3.o)
                0x0800021c                __divsi3
                0x0800021c                __aeabi_idiv
                0x080003e8                __aeabi_idivmod
 .text          0x080003f0        0x4 c:/program files (x86)/atollic/truestudio for stm32 9.3.0/armtools/bin/../lib/gcc/arm-atollic-eabi/6.3.1/armv6-m\libgcc.a(_dvmd_tls.o)
                0x080003f0                __aeabi_idiv0
                0x080003f0                __aeabi_ldiv0
 .text          0x080003f4       0x7c c:/program files (x86)/atollic/truestudio for stm32 9.3.0/armtools/bin/../lib/gcc/arm-atollic-eabi/6.3.1/armv6-m\libgcc.a(_arm_cmpdf2.o)
                0x080003f4                __aeabi_cdrcmple
                0x08000404                __aeabi_cdcmple
                0x08000404                __aeabi_cdcmpeq
                0x08000414                __aeabi_dcmpeq
                0x08000420                __aeabi_dcmplt
                0x08000434                __aeabi_dcmple
                0x08000448                __aeabi_dcmpgt
                0x0800045c                __aeabi_dcmpge
 .text          0x08000470       0x14 c:/program files (x86)/atollic/truestudio for stm32 9.3.0/armtools/bin/../lib/gcc/arm-atollic-eabi/6.3.1/armv6-m\libgcc.a(_aeabi_ulcmp.o)
                0x08000470                __aeabi_ulcmp
 .text          0x08000484       0x40 c:/program files (x86)/atollic/truestudio for stm32 9.3.0/armtools/bin/../lib/gcc/arm-atollic-eabi/6.3.1/armv6-m\libgcc.a(_aeabi_uldivmod.o)
                0x08000484                __aeabi_uldivmod
 .text          0x080004c4       0x54 c:/program files (x86)/atollic/truestudio for stm32 9.3.0/armtools/bin/../lib/gcc/arm-atollic-eabi/6.3.1/armv6-m\libgcc.a(_muldi3.o)
                0x080004c4                __muldi3
                0x080004c4                __aeabi_lmul
 .text          0x08000518       0x3c c:/program files (x86)/atollic/truestudio for stm32 9.3.0/armtools/bin/../lib/gcc/arm-atollic-eabi/6.3.1/armv6-m\libgcc.a(_fixunsdfsi.o)
                0x08000518                __aeabi_d2uiz
                0x08000518                __fixunsdfsi
 .text          0x08000554      0x180 c:/program files (x86)/atollic/truestudio for stm32 9.3.0/armtools/bin/../lib/gcc/arm-atollic-eabi/6.3.1/armv6-m\libgcc.a(_udivmoddi4.o)
                0x08000554                __udivmoddi4
 .text          0x080006d4      0x620 c:/program files (x86)/atollic/truestudio for stm32 9.3.0/armtools/bin/../lib/gcc/arm-atollic-eabi/6.3.1/armv6-m\libgcc.a(adddf3.o)
                0x080006d4                __aeabi_dadd
 .text          0x08000cf4      0x668 c:/program files (x86)/atollic/truestudio for stm32 9.3.0/armtools/bin/../lib/gcc/arm-atollic-eabi/6.3.1/armv6-m\libgcc.a(divdf3.o)
                0x08000cf4                __aeabi_ddiv
 .text          0x0800135c       0x74 c:/program files (x86)/atollic/truestudio for stm32 9.3.0/armtools/bin/../lib/gcc/arm-atollic-eabi/6.3.1/armv6-m\libgcc.a(eqdf2.o)
                0x0800135c                __nedf2
                0x0800135c                __eqdf2
 .text          0x080013d0       0xc8 c:/program files (x86)/atollic/truestudio for stm32 9.3.0/armtools/bin/../lib/gcc/arm-atollic-eabi/6.3.1/armv6-m\libgcc.a(gedf2.o)
                0x080013d0                __gedf2
                0x080013d0                __gtdf2
 .text          0x08001498       0xc4 c:/program files (x86)/atollic/truestudio for stm32 9.3.0/armtools/bin/../lib/gcc/arm-atollic-eabi/6.3.1/armv6-m\libgcc.a(ledf2.o)
                0x08001498                __ledf2
                0x08001498                __ltdf2
 .text          0x0800155c      0x500 c:/program files (x86)/atollic/truestudio for stm32 9.3.0/armtools/bin/../lib/gcc/arm-atollic-eabi/6.3.1/armv6-m\libgcc.a(muldf3.o)
                0x0800155c                __aeabi_dmul
 .text          0x08001a5c      0x62c c:/program files (x86)/atollic/truestudio for stm32 9.3.0/armtools/bin/../lib/gcc/arm-atollic-eabi/6.3.1/armv6-m\libgcc.a(subdf3.o)
                0x08001a5c                __aeabi_dsub
 .text          0x08002088       0x68 c:/program files (x86)/atollic/truestudio for stm32 9.3.0/armtools/bin/../lib/gcc/arm-atollic-eabi/6.3.1/armv6-m\libgcc.a(fixdfsi.o)
                0x08002088                __aeabi_d2iz
 .text          0x080020f0       0x84 c:/program files (x86)/atollic/truestudio for stm32 9.3.0/armtools/bin/../lib/gcc/arm-atollic-eabi/6.3.1/armv6-m\libgcc.a(floatsidf.o)
                0x080020f0                __aeabi_i2d
 .text          0x08002174       0x70 c:/program files (x86)/atollic/truestudio for stm32 9.3.0/armtools/bin/../lib/gcc/arm-atollic-eabi/6.3.1/armv6-m\libgcc.a(floatunsidf.o)
                0x08002174                __aeabi_ui2d
 .text          0x080021e4       0x3c c:/program files (x86)/atollic/truestudio for stm32 9.3.0/armtools/bin/../lib/gcc/arm-atollic-eabi/6.3.1/armv6-m\libgcc.a(_clzsi2.o)
                0x080021e4                __clzsi2
 .text          0x08002220       0x18 c:/program files (x86)/atollic/truestudio for stm32 9.3.0/armtools/bin/../lib/gcc/arm-atollic-eabi/6.3.1/armv6-m\libgcc.a(_clzdi2.o)
                0x08002220                __clzdi2
 *(.text*)
 .text.eeprom_read_8bit
                0x08002238       0x10 Core\PacketCounter\EEPROM_counter.o
                0x08002238                eeprom_read_8bit
 .text.eeprom_read_16bit
                0x08002248       0x10 Core\PacketCounter\EEPROM_counter.o
                0x08002248                eeprom_read_16bit
 .text.eeprom_read_32bit
                0x08002258       0x10 Core\PacketCounter\EEPROM_counter.o
                0x08002258                eeprom_read_32bit
 .text.eeprom_write_8bit
                0x08002268       0x20 Core\PacketCounter\EEPROM_counter.o
                0x08002268                eeprom_write_8bit
 .text.eeprom_write_16bit
                0x08002288       0x20 Core\PacketCounter\EEPROM_counter.o
                0x08002288                eeprom_write_16bit
 .text.eeprom_write_32bit
                0x080022a8       0x20 Core\PacketCounter\EEPROM_counter.o
                0x080022a8                eeprom_write_32bit
 .text.CounterMemoryInit
                0x080022c8      0x12c Core\PacketCounter\EEPROM_counter.o
                0x080022c8                CounterMemoryInit
 .text.CounterMemoryReadAndIncrement
                0x080023f4      0x170 Core\PacketCounter\EEPROM_counter.o
                0x080023f4                CounterMemoryReadAndIncrement
 .text.CounterMemoryGetActualCounter
                0x08002564       0x30 Core\PacketCounter\EEPROM_counter.o
                0x08002564                CounterMemoryGetActualCounter
 .text.CL_SetBlinkPeriod
                0x08002594       0x24 Core\Src\ConfigProfile\LoadConfig.o
                0x08002594                CL_SetBlinkPeriod
 .text.CL_GetBlinkPeriod
                0x080025b8       0x1c Core\Src\ConfigProfile\LoadConfig.o
                0x080025b8                CL_GetBlinkPeriod
 .text.CL_SetTimeHeartBeatPulse
                0x080025d4       0x24 Core\Src\ConfigProfile\LoadConfig.o
                0x080025d4                CL_SetTimeHeartBeatPulse
 .text.CL_GetTimeHeartBeatPulse
                0x080025f8       0x28 Core\Src\ConfigProfile\LoadConfig.o
                0x080025f8                CL_GetTimeHeartBeatPulse
 .text.SP_SMA_ImpulseFilter
                0x08002620        0x8 Core\Src\SignalProcessing.o
                0x08002620                SP_SMA_ImpulseFilter
 .text.SP_ConstrainDouble
                0x08002628       0x38 Core\Src\SignalProcessing.o
                0x08002628                SP_ConstrainDouble
 .text.SP_ConvertBattmVToPacketRange
                0x08002660       0x40 Core\Src\SignalProcessing.o
                0x08002660                SP_ConvertBattmVToPacketRange
 .text.SP_ConvertBattToTruemV
                0x080026a0       0x38 Core\Src\SignalProcessing.o
                0x080026a0                SP_ConvertBattToTruemV
 .text.SP_ConvertBattPacketToPercent
                0x080026d8       0x94 Core\Src\SignalProcessing.o
                0x080026d8                SP_ConvertBattPacketToPercent
 .text.SP_ConstrainU8
                0x0800276c       0x10 Core\Src\SignalProcessing.o
                0x0800276c                SP_ConstrainU8
 .text.SP_ConstrainU32
                0x0800277c       0x10 Core\Src\SignalProcessing.o
                0x0800277c                SP_ConstrainU32
 .text.SP_SaveImpulsCoefA
                0x0800278c       0x24 Core\Src\SignalProcessing.o
                0x0800278c                SP_SaveImpulsCoefA
 .text.SP_SaveImpulsIntercept
                0x080027b0       0x24 Core\Src\SignalProcessing.o
                0x080027b0                SP_SaveImpulsIntercept
 .text.SP_PulseGetCoefAIntercept
                0x080027d4       0x30 Core\Src\SignalProcessing.o
                0x080027d4                SP_PulseGetCoefAIntercept
 .text.SP_ConvertmVToKv
                0x08002804       0x78 Core\Src\SignalProcessing.o
                0x08002804                SP_ConvertmVToKv
 .text.MX_ADC_Init
                0x0800287c       0xb8 Core\Src\adc.o
                0x0800287c                MX_ADC_Init
 .text.HAL_ADC_MspInit
                0x08002934       0xac Core\Src\adc.o
                0x08002934                HAL_ADC_MspInit
 .text.MX_DMA_Init
                0x080029e0       0x30 Core\Src\dma.o
                0x080029e0                MX_DMA_Init
 .text.vApplicationStackOverflowHook
                0x08002a10        0x2 Core\Src\freertos.o
                0x08002a10                vApplicationStackOverflowHook
 .text.vApplicationMallocFailedHook
                0x08002a12        0x2 Core\Src\freertos.o
                0x08002a12                vApplicationMallocFailedHook
 .text.vApplicationGetIdleTaskMemory
                0x08002a14       0x18 Core\Src\freertos.o
                0x08002a14                vApplicationGetIdleTaskMemory
 .text.vApplicationGetTimerTaskMemory
                0x08002a2c       0x18 Core\Src\freertos.o
                0x08002a2c                vApplicationGetTimerTaskMemory
 .text.MX_FREERTOS_Init
                0x08002a44      0x184 Core\Src\freertos.o
                0x08002a44                MX_FREERTOS_Init
 .text.MX_GPIO_Init
                0x08002bc8      0x1b0 Core\Src\gpio.o
                0x08002bc8                MX_GPIO_Init
 .text.osDelayWatchdog
                0x08002d78       0x36 Core\Src\main.o
                0x08002d78                osDelayWatchdog
 .text.LogError
                0x08002dae        0xc Core\Src\main.o
                0x08002dae                LogError
 .text.M_IsMcuLocked
                0x08002dba       0x1c Core\Src\main.o
                0x08002dba                M_IsMcuLocked
 *fill*         0x08002dd6        0x2 
 .text.HAL_GPIO_EXTI_Callback
                0x08002dd8       0x6c Core\Src\main.o
                0x08002dd8                HAL_GPIO_EXTI_Callback
 .text.HAL_TIM_PeriodElapsedCallback
                0x08002e44       0x28 Core\Src\main.o
                0x08002e44                HAL_TIM_PeriodElapsedCallback
 .text.Error_Handler
                0x08002e6c       0x10 Core\Src\main.o
                0x08002e6c                Error_Handler
 .text.SystemClock_Config
                0x08002e7c       0xbc Core\Src\main.o
                0x08002e7c                SystemClock_Config
 .text.main     0x08002f38       0xc0 Core\Src\main.o
                0x08002f38                main
 .text.MX_RTC_Init
                0x08002ff8       0xc4 Core\Src\rtc.o
                0x08002ff8                MX_RTC_Init
 .text.HAL_RTC_MspInit
                0x080030bc       0x34 Core\Src\rtc.o
                0x080030bc                HAL_RTC_MspInit
 .text.MX_SPI2_Init
                0x080030f0       0x44 Core\Src\spi.o
                0x080030f0                MX_SPI2_Init
 .text.HAL_SPI_MspInit
                0x08003134       0x78 Core\Src\spi.o
                0x08003134                HAL_SPI_MspInit
 .text.HAL_MspInit
                0x080031ac       0x5c Core\Src\stm32l0xx_hal_msp.o
                0x080031ac                HAL_MspInit
 .text.NMI_Handler
                0x08003208       0x10 Core\Src\stm32l0xx_it.o
                0x08003208                NMI_Handler
 .text.HardFault_Handler
                0x08003218        0xc Core\Src\stm32l0xx_it.o
                0x08003218                HardFault_Handler
 .text.SysTick_Handler
                0x08003224       0x14 Core\Src\stm32l0xx_it.o
                0x08003224                SysTick_Handler
 .text.WWDG_IRQHandler
                0x08003238       0x14 Core\Src\stm32l0xx_it.o
                0x08003238                WWDG_IRQHandler
 .text.PVD_IRQHandler
                0x0800324c        0x8 Core\Src\stm32l0xx_it.o
                0x0800324c                PVD_IRQHandler
 .text.RTC_IRQHandler
                0x08003254       0x10 Core\Src\stm32l0xx_it.o
                0x08003254                RTC_IRQHandler
 .text.EXTI0_1_IRQHandler
                0x08003264        0xe Core\Src\stm32l0xx_it.o
                0x08003264                EXTI0_1_IRQHandler
 *fill*         0x08003272        0x2 
 .text.EXTI4_15_IRQHandler
                0x08003274       0x30 Core\Src\stm32l0xx_it.o
                0x08003274                EXTI4_15_IRQHandler
 .text.DMA1_Channel1_IRQHandler
                0x080032a4       0x10 Core\Src\stm32l0xx_it.o
                0x080032a4                DMA1_Channel1_IRQHandler
 .text.ADC1_COMP_IRQHandler
                0x080032b4       0x10 Core\Src\stm32l0xx_it.o
                0x080032b4                ADC1_COMP_IRQHandler
 .text.TIM2_IRQHandler
                0x080032c4       0x10 Core\Src\stm32l0xx_it.o
                0x080032c4                TIM2_IRQHandler
 .text.TIM6_IRQHandler
                0x080032d4       0x10 Core\Src\stm32l0xx_it.o
                0x080032d4                TIM6_IRQHandler
 .text.TIM7_IRQHandler
                0x080032e4       0x10 Core\Src\stm32l0xx_it.o
                0x080032e4                TIM7_IRQHandler
 .text.TIM22_IRQHandler
                0x080032f4       0x10 Core\Src\stm32l0xx_it.o
                0x080032f4                TIM22_IRQHandler
 .text.SystemInit
                0x08003304       0x5c Core\Src\system_stm32l0xx.o
                0x08003304                SystemInit
 .text.MX_TIM6_Init
                0x08003360       0x6c Core\Src\tim.o
                0x08003360                MX_TIM6_Init
 .text.MX_TIM7_Init
                0x080033cc       0x58 Core\Src\tim.o
                0x080033cc                MX_TIM7_Init
 .text.MX_TIM22_Init
                0x08003424       0x80 Core\Src\tim.o
                0x08003424                MX_TIM22_Init
 .text.HAL_TIM_PWM_MspInit
                0x080034a4       0x30 Core\Src\tim.o
                0x080034a4                HAL_TIM_PWM_MspInit
 .text.HAL_TIM_Base_MspInit
                0x080034d4       0x7c Core\Src\tim.o
                0x080034d4                HAL_TIM_Base_MspInit
 .text.HAL_TIM_MspPostInit
                0x08003550       0x4c Core\Src\tim.o
                0x08003550                HAL_TIM_MspPostInit
 .text.MX_TIM2_Init
                0x0800359c       0x88 Core\Src\tim.o
                0x0800359c                MX_TIM2_Init
 .text.MX_WWDG_Init
                0x08003624       0x34 Core\Src\wwdg.o
                0x08003624                MX_WWDG_Init
 .text.HAL_WWDG_MspInit
                0x08003658       0x34 Core\Src\wwdg.o
                0x08003658                HAL_WWDG_MspInit
 .text.RefreshWatchDog
                0x0800368c       0x10 Core\Src\wwdg.o
                0x0800368c                RefreshWatchDog
 .text.ARP_RfTestFactoryRSSI
                0x0800369c       0x5c Core\TaskCore\AuxRfProcess.o
                0x0800369c                ARP_RfTestFactoryRSSI
 .text.ARP_PairStart
                0x080036f8       0x58 Core\TaskCore\AuxRfProcess.o
                0x080036f8                ARP_PairStart
 .text.ARP_CreateMonitorInfo
                0x08003750       0xf4 Core\TaskCore\AuxRfProcess.o
                0x08003750                ARP_CreateMonitorInfo
 .text.ARP_SendMonitorInfo
                0x08003844       0x84 Core\TaskCore\AuxRfProcess.o
                0x08003844                ARP_SendMonitorInfo
 .text.ARP_USBSendHereIam
                0x080038c8       0xa4 Core\TaskCore\AuxRfProcess.o
                0x080038c8                ARP_USBSendHereIam
 .text.ARP_USBSendPulsemV
                0x0800396c       0xb0 Core\TaskCore\AuxRfProcess.o
                0x0800396c                ARP_USBSendPulsemV
 .text.ARP_USBLinkCheckPair
                0x08003a1c       0xa8 Core\TaskCore\AuxRfProcess.o
                0x08003a1c                ARP_USBLinkCheckPair
 .text.ARP_SendMyName
                0x08003ac4       0xd0 Core\TaskCore\AuxRfProcess.o
                0x08003ac4                ARP_SendMyName
 .text.ARP_SendDummyPacket
                0x08003b94       0x70 Core\TaskCore\AuxRfProcess.o
                0x08003b94                ARP_SendDummyPacket
 .text.ARP_SetCorrespondingDr
                0x08003c04       0x4c Core\TaskCore\AuxRfProcess.o
                0x08003c04                ARP_SetCorrespondingDr
 .text.ARP_PairStop
                0x08003c50      0x22c Core\TaskCore\AuxRfProcess.o
                0x08003c50                ARP_PairStop
 .text.ARP_ReadRxCounter
                0x08003e7c       0x18 Core\TaskCore\AuxRfProcess.o
                0x08003e7c                ARP_ReadRxCounter
 .text.ARP_SetRxCounter
                0x08003e94       0x18 Core\TaskCore\AuxRfProcess.o
                0x08003e94                ARP_SetRxCounter
 .text.ARP_RfStandardTreatment
                0x08003eac      0x260 Core\TaskCore\AuxRfProcess.o
                0x08003eac                ARP_RfStandardTreatment
 .text.ARP_PairTreatment
                0x0800410c      0x32c Core\TaskCore\AuxRfProcess.o
                0x0800410c                ARP_PairTreatment
 .text.HA_TriggerImpulse
                0x08004438       0x6c Core\TaskCore\HandleADC.o
                0x08004438                HA_TriggerImpulse
 .text.HA_StartMeasureImpulse
                0x080044a4      0x194 Core\TaskCore\HandleADC.o
                0x080044a4                HA_StartMeasureImpulse
 .text.HA_PrepareMeasureImpulse
                0x08004638       0x68 Core\TaskCore\HandleADC.o
                0x08004638                HA_PrepareMeasureImpulse
 .text.HA_HandleImpulseData
                0x080046a0      0x208 Core\TaskCore\HandleADC.o
                0x080046a0                HA_HandleImpulseData
 .text.HA_BanADCTrig
                0x080048a8       0xf0 Core\TaskCore\HandleADC.o
                0x080048a8                HA_BanADCTrig
 .text.HA_GeneralActivity
                0x08004998       0xe0 Core\TaskCore\HandleADC.o
                0x08004998                HA_GeneralActivity
 .text.HA_BanImpulseMeasure
                0x08004a78       0xc4 Core\TaskCore\HandleADC.o
                0x08004a78                HA_BanImpulseMeasure
 .text.PCT_ShowColor
                0x08004b3c       0xc8 Core\TaskCore\ProcessCoreTask.o
                0x08004b3c                PCT_ShowColor
 .text.PCT_SaveNewAlarmLevel
                0x08004c04       0x38 Core\TaskCore\ProcessCoreTask.o
                0x08004c04                PCT_SaveNewAlarmLevel
 .text.PCT_GetMyAlarmLevel
                0x08004c3c       0x24 Core\TaskCore\ProcessCoreTask.o
                0x08004c3c                PCT_GetMyAlarmLevel
 .text.PCT_WatchDogProcedure
                0x08004c60       0x50 Core\TaskCore\ProcessCoreTask.o
                0x08004c60                PCT_WatchDogProcedure
 .text.PCT_PrepareForBeepPWM
                0x08004cb0       0x34 Core\TaskCore\ProcessCoreTask.o
                0x08004cb0                PCT_PrepareForBeepPWM
 .text.PCT_KeyBoardSound
                0x08004ce4      0x118 Core\TaskCore\ProcessCoreTask.o
                0x08004ce4                PCT_KeyBoardSound
 .text.PCT_ShortPress
                0x08004dfc       0xc8 Core\TaskCore\ProcessCoreTask.o
                0x08004dfc                PCT_ShortPress
 .text.PCT_LongPressPress
                0x08004ec4       0x80 Core\TaskCore\ProcessCoreTask.o
                0x08004ec4                PCT_LongPressPress
 .text.PCT_KeyBoardActivated
                0x08004f44       0x66 Core\TaskCore\ProcessCoreTask.o
                0x08004f44                PCT_KeyBoardActivated
 .text.PCT_BeepPWMDone
                0x08004faa       0x1c Core\TaskCore\ProcessCoreTask.o
                0x08004faa                PCT_BeepPWMDone
 *fill*         0x08004fc6        0x2 
 .text.PCT_StartOffProcedure
                0x08004fc8      0x120 Core\TaskCore\ProcessCoreTask.o
                0x08004fc8                PCT_StartOffProcedure
 .text.PCT_DecreaseRequestsToSendPacket
                0x080050e8       0x1c Core\TaskCore\ProcessCoreTask.o
                0x080050e8                PCT_DecreaseRequestsToSendPacket
 .text.PCT_ResetRequestsToSendPacket
                0x08005104       0x14 Core\TaskCore\ProcessCoreTask.o
                0x08005104                PCT_ResetRequestsToSendPacket
 .text.PCT_SetRequestsToSendPacket
                0x08005118       0x20 Core\TaskCore\ProcessCoreTask.o
                0x08005118                PCT_SetRequestsToSendPacket
 .text.PCT_HeartBeats
                0x08005138       0x70 Core\TaskCore\ProcessCoreTask.o
                0x08005138                PCT_HeartBeats
 .text.CORE_StateStartOFF
                0x080051a8      0x1cc Core\TaskCore\TaskCore.o
 .text.CORE_StateOFF
                0x08005374       0x3c Core\TaskCore\TaskCore.o
 .text.CORE_StateON
                0x080053b0      0x268 Core\TaskCore\TaskCore.o
 .text.CORE_StateStartOnFactoryTest
                0x08005618      0x110 Core\TaskCore\TaskCore.o
 .text.CORE_StateStartON
                0x08005728      0x198 Core\TaskCore\TaskCore.o
 .text.CallbackWatchDogRefresh
                0x080058c0       0x48 Core\TaskCore\TaskCore.o
                0x080058c0                CallbackWatchDogRefresh
 .text.CallbackEnSendPacket
                0x08005908       0x24 Core\TaskCore\TaskCore.o
                0x08005908                CallbackEnSendPacket
 .text.CallbackRfTXTimeout
                0x0800592c       0x24 Core\TaskCore\TaskCore.o
                0x0800592c                CallbackRfTXTimeout
 .text.CallbackPairStop
                0x08005950       0x24 Core\TaskCore\TaskCore.o
                0x08005950                CallbackPairStop
 .text.CallbackEnableTrigger
                0x08005974       0x28 Core\TaskCore\TaskCore.o
                0x08005974                CallbackEnableTrigger
 .text.CallbackLedTimer
                0x0800599c      0x164 Core\TaskCore\TaskCore.o
                0x0800599c                CallbackLedTimer
 .text.CallbackAlive
                0x08005b00      0x144 Core\TaskCore\TaskCore.o
                0x08005b00                CallbackAlive
 .text.CallbackImpulsHeartBeat
                0x08005c44       0x28 Core\TaskCore\TaskCore.o
                0x08005c44                CallbackImpulsHeartBeat
 .text.CallbackPeriodTX
                0x08005c6c       0x24 Core\TaskCore\TaskCore.o
                0x08005c6c                CallbackPeriodTX
 .text.CallbackButtonIRQ
                0x08005c90       0x78 Core\TaskCore\TaskCore.o
                0x08005c90                CallbackButtonIRQ
 .text.CORE_StateINIT
                0x08005d08      0x2f4 Core\TaskCore\TaskCore.o
 .text.CallbackShutDownDelay
                0x08005ffc       0x24 Core\TaskCore\TaskCore.o
                0x08005ffc                CallbackShutDownDelay
 .text.HAL_PWR_PVDCallback
                0x08006020        0x2 Core\TaskCore\TaskCore.o
                0x08006020                HAL_PWR_PVDCallback
 *fill*         0x08006022        0x2 
 .text.KeyboardTimElapsed
                0x08006024       0xfc Core\TaskCore\TaskCore.o
                0x08006024                KeyboardTimElapsed
 .text.StartTaskCore
                0x08006120       0x90 Core\TaskCore\TaskCore.o
                0x08006120                StartTaskCore
 .text.KeyExpansion
                0x080061b0       0xb4 Core\TaskRF\AES_SW.o
 .text.AddRoundKey
                0x08006264       0x30 Core\TaskRF\AES_SW.o
 .text.SubBytes
                0x08006294       0x2c Core\TaskRF\AES_SW.o
 .text.ShiftRows
                0x080062c0       0x32 Core\TaskRF\AES_SW.o
 .text.xtime    0x080062f2       0x12 Core\TaskRF\AES_SW.o
 .text.MixColumns
                0x08006304       0x82 Core\TaskRF\AES_SW.o
 .text.InvMixColumns
                0x08006386      0x184 Core\TaskRF\AES_SW.o
 *fill*         0x0800650a        0x2 
 .text.InvSubBytes
                0x0800650c       0x30 Core\TaskRF\AES_SW.o
 .text.InvShiftRows
                0x0800653c       0x32 Core\TaskRF\AES_SW.o
 .text.Cipher   0x0800656e       0x50 Core\TaskRF\AES_SW.o
 .text.InvCipher
                0x080065be       0x50 Core\TaskRF\AES_SW.o
 .text.AES_init_ctx
                0x0800660e        0x8 Core\TaskRF\AES_SW.o
                0x0800660e                AES_init_ctx
 .text.AES_ECB_encrypt
                0x08006616        0xe Core\TaskRF\AES_SW.o
                0x08006616                AES_ECB_encrypt
 .text.AES_ECB_decrypt
                0x08006624        0xe Core\TaskRF\AES_SW.o
                0x08006624                AES_ECB_decrypt
 *fill*         0x08006632        0x2 
 .text.Callback_DMA1_Channel1_IRQHandler
                0x08006634       0x54 Core\TaskRF\ProcessRFTask.o
                0x08006634                Callback_DMA1_Channel1_IRQHandler
 .text.PRT_MeasureInternalBatt
                0x08006688      0x354 Core\TaskRF\ProcessRFTask.o
                0x08006688                PRT_MeasureInternalBatt
 .text.PRT_DummyADCMeasure
                0x080069dc      0x328 Core\TaskRF\ProcessRFTask.o
                0x080069dc                PRT_DummyADCMeasure
 .text.PRT_RFRefreschWatchdog
                0x08006d04       0x2c Core\TaskRF\ProcessRFTask.o
                0x08006d04                PRT_RFRefreschWatchdog
 .text.RU_UpdatetMyAESKey
                0x08006d30       0x24 Core\TaskRF\RadioUser.o
                0x08006d30                RU_UpdatetMyAESKey
 .text.RU_UpdatetMyTxEUI
                0x08006d54       0x30 Core\TaskRF\RadioUser.o
                0x08006d54                RU_UpdatetMyTxEUI
 .text.RU_GetMyMasterMac
                0x08006d84      0x108 Core\TaskRF\RadioUser.o
                0x08006d84                RU_GetMyMasterMac
 .text.RU_GetDrRX
                0x08006e8c       0x18 Core\TaskRF\RadioUser.o
                0x08006e8c                RU_GetDrRX
 .text.RU_GetDrTX
                0x08006ea4       0x18 Core\TaskRF\RadioUser.o
                0x08006ea4                RU_GetDrTX
 .text.RU_IRQProcess
                0x08006ebc      0x1dc Core\TaskRF\RadioUser.o
                0x08006ebc                RU_IRQProcess
 .text.RU_SetDrRX
                0x08007098       0x18 Core\TaskRF\RadioUser.o
                0x08007098                RU_SetDrRX
 .text.RU_SetDrTX
                0x080070b0       0x18 Core\TaskRF\RadioUser.o
                0x080070b0                RU_SetDrTX
 .text.RU_SX1262Assign
                0x080070c8       0xe8 Core\TaskRF\RadioUser.o
                0x080070c8                RU_SX1262Assign
 .text.RU_RunLBTProcedure
                0x080071b0       0x40 Core\TaskRF\RadioUser.o
                0x080071b0                RU_RunLBTProcedure
 .text.RU_CommandProcess
                0x080071f0      0x24c Core\TaskRF\RadioUser.o
                0x080071f0                RU_CommandProcess
 .text.RF_StateStartON
                0x0800743c        0xe Core\TaskRF\TaskRF.o
 .text.RF_StateStartOFF
                0x0800744a        0xe Core\TaskRF\TaskRF.o
 .text.RF_StateON
                0x08007458      0x120 Core\TaskRF\TaskRF.o
 .text.RF_StateOFF
                0x08007578       0xf8 Core\TaskRF\TaskRF.o
 .text.RF_StateINIT
                0x08007670       0x4c Core\TaskRF\TaskRF.o
 .text.CallbackLBT
                0x080076bc       0x28 Core\TaskRF\TaskRF.o
                0x080076bc                CallbackLBT
 .text.StartTaskRF
                0x080076e4       0x90 Core\TaskRF\TaskRF.o
                0x080076e4                StartTaskRF
 .text.DS_Init  0x08007774       0x20 Core\Tickless\DynamicSleep.o
                0x08007774                DS_Init
 .text.DS_RegisterPeripher
                0x08007794       0xcc Core\Tickless\DynamicSleep.o
                0x08007794                DS_RegisterPeripher
 .text.DS_GetPossibleDepthOfSleep
                0x08007860      0x138 Core\Tickless\DynamicSleep.o
                0x08007860                DS_GetPossibleDepthOfSleep
 .text.RTC_SetConfig
                0x08007998       0x78 Core\Tickless\JR_RTC.o
 .text.RTC_ms2Tick
                0x08007a10       0x10 Core\Tickless\JR_RTC.o
                0x08007a10                RTC_ms2Tick
 .text.RTC_Ticks2ms
                0x08007a20        0xe Core\Tickless\JR_RTC.o
                0x08007a20                RTC_Ticks2ms
 *fill*         0x08007a2e        0x2 
 .text.RTC_StopAlarm
                0x08007a30       0x7c Core\Tickless\JR_RTC.o
                0x08007a30                RTC_StopAlarm
 .text.RTC_SetAlarmConfig
                0x08007aac        0x8 Core\Tickless\JR_RTC.o
 .text.RTC_GetCalendarValue
                0x08007ab4      0x1d4 Core\Tickless\JR_RTC.o
                0x08007ab4                RTC_GetCalendarValue
 .text.RTC_SetTimerContext
                0x08007c88       0x18 Core\Tickless\JR_RTC.o
                0x08007c88                RTC_SetTimerContext
 .text.RTC_Init
                0x08007ca0       0x10 Core\Tickless\JR_RTC.o
                0x08007ca0                RTC_Init
 .text.RTC_StartWakeUpAlarm
                0x08007cb0      0x2a0 Core\Tickless\JR_RTC.o
 .text.RTC_SetAlarm
                0x08007f50       0x28 Core\Tickless\JR_RTC.o
                0x08007f50                RTC_SetAlarm
 .text.GetPossibleDepthOfSleep
                0x08007f78        0x8 Core\Tickless\Tickless_LP.o
 .text.PreSleepProcess
                0x08007f80       0x8c Core\Tickless\Tickless_LP.o
 .text.PostSleepProcess
                0x0800800c       0xa8 Core\Tickless\Tickless_LP.o
 .text.prvSetupTimerInterrupt
                0x080080b4       0x40 Core\Tickless\Tickless_LP.o
                0x080080b4                prvSetupTimerInterrupt
 .text.SystemTimerExpired
                0x080080f4       0x14 Core\Tickless\Tickless_LP.o
                0x080080f4                SystemTimerExpired
 .text.HAL_RTC_AlarmAEventCallback
                0x08008108        0xc Core\Tickless\Tickless_LP.o
                0x08008108                HAL_RTC_AlarmAEventCallback
 .text.vPortSuppressTicksAndSleep
                0x08008114      0x158 Core\Tickless\Tickless_LP.o
                0x08008114                vPortSuppressTicksAndSleep
 .text.HAL_InitTick
                0x0800826c       0x30 Drivers\STM32L0xx_HAL_Driver\Src\stm32l0xx_hal.o
                0x0800826c                HAL_InitTick
 .text.HAL_Init
                0x0800829c       0x28 Drivers\STM32L0xx_HAL_Driver\Src\stm32l0xx_hal.o
                0x0800829c                HAL_Init
 .text.HAL_IncTick
                0x080082c4       0x10 Drivers\STM32L0xx_HAL_Driver\Src\stm32l0xx_hal.o
                0x080082c4                HAL_IncTick
 .text.HAL_GetTick
                0x080082d4        0xc Drivers\STM32L0xx_HAL_Driver\Src\stm32l0xx_hal.o
                0x080082d4                HAL_GetTick
 .text.ADC_DelayMicroSecond
                0x080082e0       0x30 Drivers\STM32L0xx_HAL_Driver\Src\stm32l0xx_hal_adc.o
 .text.HAL_ADC_Init
                0x08008310      0x1f4 Drivers\STM32L0xx_HAL_Driver\Src\stm32l0xx_hal_adc.o
                0x08008310                HAL_ADC_Init
 .text.HAL_ADC_ConvCpltCallback
                0x08008504        0x2 Drivers\STM32L0xx_HAL_Driver\Src\stm32l0xx_hal_adc.o
                0x08008504                HAL_ADC_ConvCpltCallback
 .text.HAL_ADC_LevelOutOfWindowCallback
                0x08008506        0x2 Drivers\STM32L0xx_HAL_Driver\Src\stm32l0xx_hal_adc.o
                0x08008506                HAL_ADC_LevelOutOfWindowCallback
 .text.HAL_ADC_ErrorCallback
                0x08008508        0x2 Drivers\STM32L0xx_HAL_Driver\Src\stm32l0xx_hal_adc.o
                0x08008508                HAL_ADC_ErrorCallback
 *fill*         0x0800850a        0x2 
 .text.HAL_ADC_IRQHandler
                0x0800850c       0xe4 Drivers\STM32L0xx_HAL_Driver\Src\stm32l0xx_hal_adc.o
                0x0800850c                HAL_ADC_IRQHandler
 .text.HAL_ADC_ConfigChannel
                0x080085f0       0xbc Drivers\STM32L0xx_HAL_Driver\Src\stm32l0xx_hal_adc.o
                0x080085f0                HAL_ADC_ConfigChannel
 .text.HAL_NVIC_SetPriority
                0x080086ac       0x64 Drivers\STM32L0xx_HAL_Driver\Src\stm32l0xx_hal_cortex.o
                0x080086ac                HAL_NVIC_SetPriority
 .text.HAL_NVIC_EnableIRQ
                0x08008710       0x14 Drivers\STM32L0xx_HAL_Driver\Src\stm32l0xx_hal_cortex.o
                0x08008710                HAL_NVIC_EnableIRQ
 .text.HAL_NVIC_DisableIRQ
                0x08008724       0x14 Drivers\STM32L0xx_HAL_Driver\Src\stm32l0xx_hal_cortex.o
                0x08008724                HAL_NVIC_DisableIRQ
 .text.HAL_NVIC_SystemReset
                0x08008738       0x1c Drivers\STM32L0xx_HAL_Driver\Src\stm32l0xx_hal_cortex.o
                0x08008738                HAL_NVIC_SystemReset
 .text.HAL_SYSTICK_Config
                0x08008754       0x38 Drivers\STM32L0xx_HAL_Driver\Src\stm32l0xx_hal_cortex.o
                0x08008754                HAL_SYSTICK_Config
 .text.HAL_NVIC_ClearPendingIRQ
                0x0800878c       0x18 Drivers\STM32L0xx_HAL_Driver\Src\stm32l0xx_hal_cortex.o
                0x0800878c                HAL_NVIC_ClearPendingIRQ
 .text.HAL_DMA_Init
                0x080087a4       0x98 Drivers\STM32L0xx_HAL_Driver\Src\stm32l0xx_hal_dma.o
                0x080087a4                HAL_DMA_Init
 .text.HAL_DMA_IRQHandler
                0x0800883c       0xba Drivers\STM32L0xx_HAL_Driver\Src\stm32l0xx_hal_dma.o
                0x0800883c                HAL_DMA_IRQHandler
 .text.HAL_DMA_RegisterCallback
                0x080088f6       0x54 Drivers\STM32L0xx_HAL_Driver\Src\stm32l0xx_hal_dma.o
                0x080088f6                HAL_DMA_RegisterCallback
 *fill*         0x0800894a        0x2 
 .text.FLASH_SetErrorCode
                0x0800894c       0xb4 Drivers\STM32L0xx_HAL_Driver\Src\stm32l0xx_hal_flash.o
 .text.HAL_FLASH_OB_Unlock
                0x08008a00       0x4c Drivers\STM32L0xx_HAL_Driver\Src\stm32l0xx_hal_flash.o
                0x08008a00                HAL_FLASH_OB_Unlock
 .text.HAL_FLASH_OB_Lock
                0x08008a4c       0x14 Drivers\STM32L0xx_HAL_Driver\Src\stm32l0xx_hal_flash.o
                0x08008a4c                HAL_FLASH_OB_Lock
 .text.FLASH_WaitForLastOperation
                0x08008a60       0x84 Drivers\STM32L0xx_HAL_Driver\Src\stm32l0xx_hal_flash.o
                0x08008a60                FLASH_WaitForLastOperation
 .text.HAL_FLASH_OB_Launch
                0x08008ae4       0x20 Drivers\STM32L0xx_HAL_Driver\Src\stm32l0xx_hal_flash.o
                0x08008ae4                HAL_FLASH_OB_Launch
 .text.FLASH_OB_GetUser
                0x08008b04       0x10 Drivers\STM32L0xx_HAL_Driver\Src\stm32l0xx_hal_flash_ex.o
 .text.FLASH_OB_GetRDP
                0x08008b14       0x18 Drivers\STM32L0xx_HAL_Driver\Src\stm32l0xx_hal_flash_ex.o
 .text.FLASH_OB_GetBOR
                0x08008b2c       0x10 Drivers\STM32L0xx_HAL_Driver\Src\stm32l0xx_hal_flash_ex.o
 .text.FLASH_OB_GetBOOTBit1
                0x08008b3c        0xc Drivers\STM32L0xx_HAL_Driver\Src\stm32l0xx_hal_flash_ex.o
 .text.FLASH_OB_GetWRP
                0x08008b48        0xc Drivers\STM32L0xx_HAL_Driver\Src\stm32l0xx_hal_flash_ex.o
 .text.FLASH_OB_GetWRP2
                0x08008b54        0xc Drivers\STM32L0xx_HAL_Driver\Src\stm32l0xx_hal_flash_ex.o
 .text.FLASH_OB_ProtectedSectorsConfig
                0x08008b60       0xbc Drivers\STM32L0xx_HAL_Driver\Src\stm32l0xx_hal_flash_ex.o
 .text.FLASH_OB_RDPConfig
                0x08008c1c       0x40 Drivers\STM32L0xx_HAL_Driver\Src\stm32l0xx_hal_flash_ex.o
 .text.FLASH_OB_UserConfig
                0x08008c5c       0x44 Drivers\STM32L0xx_HAL_Driver\Src\stm32l0xx_hal_flash_ex.o
 .text.FLASH_OB_BORConfig
                0x08008ca0       0x40 Drivers\STM32L0xx_HAL_Driver\Src\stm32l0xx_hal_flash_ex.o
 .text.FLASH_OB_BOOTBit1Config
                0x08008ce0       0x40 Drivers\STM32L0xx_HAL_Driver\Src\stm32l0xx_hal_flash_ex.o
 .text.HAL_FLASHEx_OBProgram
                0x08008d20       0xa4 Drivers\STM32L0xx_HAL_Driver\Src\stm32l0xx_hal_flash_ex.o
                0x08008d20                HAL_FLASHEx_OBProgram
 .text.HAL_FLASHEx_OBGetConfig
                0x08008dc4       0x2e Drivers\STM32L0xx_HAL_Driver\Src\stm32l0xx_hal_flash_ex.o
                0x08008dc4                HAL_FLASHEx_OBGetConfig
 *fill*         0x08008df2        0x2 
 .text.HAL_FLASHEx_DATAEEPROM_Unlock
                0x08008df4       0x3c Drivers\STM32L0xx_HAL_Driver\Src\stm32l0xx_hal_flash_ex.o
                0x08008df4                HAL_FLASHEx_DATAEEPROM_Unlock
 .text.HAL_FLASHEx_DATAEEPROM_Lock
                0x08008e30       0x14 Drivers\STM32L0xx_HAL_Driver\Src\stm32l0xx_hal_flash_ex.o
                0x08008e30                HAL_FLASHEx_DATAEEPROM_Lock
 .text.HAL_FLASHEx_DATAEEPROM_Program
                0x08008e44       0x64 Drivers\STM32L0xx_HAL_Driver\Src\stm32l0xx_hal_flash_ex.o
                0x08008e44                HAL_FLASHEx_DATAEEPROM_Program
 .text.HAL_GPIO_Init
                0x08008ea8      0x1a4 Drivers\STM32L0xx_HAL_Driver\Src\stm32l0xx_hal_gpio.o
                0x08008ea8                HAL_GPIO_Init
 .text.HAL_GPIO_ReadPin
                0x0800904c        0xe Drivers\STM32L0xx_HAL_Driver\Src\stm32l0xx_hal_gpio.o
                0x0800904c                HAL_GPIO_ReadPin
 .text.HAL_GPIO_WritePin
                0x0800905a        0xc Drivers\STM32L0xx_HAL_Driver\Src\stm32l0xx_hal_gpio.o
                0x0800905a                HAL_GPIO_WritePin
 .text.HAL_GPIO_TogglePin
                0x08009066        0x8 Drivers\STM32L0xx_HAL_Driver\Src\stm32l0xx_hal_gpio.o
                0x08009066                HAL_GPIO_TogglePin
 *fill*         0x0800906e        0x2 
 .text.HAL_GPIO_EXTI_IRQHandler
                0x08009070       0x1c Drivers\STM32L0xx_HAL_Driver\Src\stm32l0xx_hal_gpio.o
                0x08009070                HAL_GPIO_EXTI_IRQHandler
 .text.HAL_PWR_EnableBkUpAccess
                0x0800908c       0x14 Drivers\STM32L0xx_HAL_Driver\Src\stm32l0xx_hal_pwr.o
                0x0800908c                HAL_PWR_EnableBkUpAccess
 .text.HAL_PWR_ConfigPVD
                0x080090a0       0x80 Drivers\STM32L0xx_HAL_Driver\Src\stm32l0xx_hal_pwr.o
                0x080090a0                HAL_PWR_ConfigPVD
 .text.HAL_PWR_EnablePVD
                0x08009120       0x10 Drivers\STM32L0xx_HAL_Driver\Src\stm32l0xx_hal_pwr.o
                0x08009120                HAL_PWR_EnablePVD
 .text.HAL_PWR_EnterSLEEPMode
                0x08009130       0x34 Drivers\STM32L0xx_HAL_Driver\Src\stm32l0xx_hal_pwr.o
                0x08009130                HAL_PWR_EnterSLEEPMode
 .text.HAL_PWR_EnterSTOPMode
                0x08009164       0x3c Drivers\STM32L0xx_HAL_Driver\Src\stm32l0xx_hal_pwr.o
                0x08009164                HAL_PWR_EnterSTOPMode
 .text.HAL_PWR_PVD_IRQHandler
                0x080091a0       0x20 Drivers\STM32L0xx_HAL_Driver\Src\stm32l0xx_hal_pwr.o
                0x080091a0                HAL_PWR_PVD_IRQHandler
 .text.HAL_RCC_DeInit
                0x080091c0       0xe4 Drivers\STM32L0xx_HAL_Driver\Src\stm32l0xx_hal_rcc.o
                0x080091c0                HAL_RCC_DeInit
 .text.HAL_RCC_MCOConfig
                0x080092a4       0xa8 Drivers\STM32L0xx_HAL_Driver\Src\stm32l0xx_hal_rcc.o
                0x080092a4                HAL_RCC_MCOConfig
 .text.HAL_RCC_GetSysClockFreq
                0x0800934c       0x94 Drivers\STM32L0xx_HAL_Driver\Src\stm32l0xx_hal_rcc.o
                0x0800934c                HAL_RCC_GetSysClockFreq
 .text.HAL_RCC_OscConfig
                0x080093e0      0x510 Drivers\STM32L0xx_HAL_Driver\Src\stm32l0xx_hal_rcc.o
                0x080093e0                HAL_RCC_OscConfig
 .text.HAL_RCC_ClockConfig
                0x080098f0      0x1a8 Drivers\STM32L0xx_HAL_Driver\Src\stm32l0xx_hal_rcc.o
                0x080098f0                HAL_RCC_ClockConfig
 .text.HAL_RCCEx_PeriphCLKConfig
                0x08009a98      0x1d0 Drivers\STM32L0xx_HAL_Driver\Src\stm32l0xx_hal_rcc_ex.o
                0x08009a98                HAL_RCCEx_PeriphCLKConfig
 .text.HAL_RTC_AlarmIRQHandler
                0x08009c68       0x68 Drivers\STM32L0xx_HAL_Driver\Src\stm32l0xx_hal_rtc.o
                0x08009c68                HAL_RTC_AlarmIRQHandler
 .text.HAL_RTC_WaitForSynchro
                0x08009cd0       0x32 Drivers\STM32L0xx_HAL_Driver\Src\stm32l0xx_hal_rtc.o
                0x08009cd0                HAL_RTC_WaitForSynchro
 .text.RTC_EnterInitMode
                0x08009d02       0x3a Drivers\STM32L0xx_HAL_Driver\Src\stm32l0xx_hal_rtc.o
                0x08009d02                RTC_EnterInitMode
 .text.HAL_RTC_Init
                0x08009d3c       0xd8 Drivers\STM32L0xx_HAL_Driver\Src\stm32l0xx_hal_rtc.o
                0x08009d3c                HAL_RTC_Init
 .text.RTC_ByteToBcd2
                0x08009e14       0x16 Drivers\STM32L0xx_HAL_Driver\Src\stm32l0xx_hal_rtc.o
                0x08009e14                RTC_ByteToBcd2
 *fill*         0x08009e2a        0x2 
 .text.HAL_RTC_SetTime
                0x08009e2c      0x10c Drivers\STM32L0xx_HAL_Driver\Src\stm32l0xx_hal_rtc.o
                0x08009e2c                HAL_RTC_SetTime
 .text.HAL_RTC_SetDate
                0x08009f38       0xec Drivers\STM32L0xx_HAL_Driver\Src\stm32l0xx_hal_rtc.o
                0x08009f38                HAL_RTC_SetDate
 .text.HAL_RTC_SetAlarm_IT
                0x0800a024      0x1c0 Drivers\STM32L0xx_HAL_Driver\Src\stm32l0xx_hal_rtc.o
                0x0800a024                HAL_RTC_SetAlarm_IT
 .text.HAL_RTCEx_DisableBypassShadow
                0x0800a1e4       0x40 Drivers\STM32L0xx_HAL_Driver\Src\stm32l0xx_hal_rtc_ex.o
                0x0800a1e4                HAL_RTCEx_DisableBypassShadow
 .text.HAL_RTCEx_AlarmBEventCallback
                0x0800a224        0x2 Drivers\STM32L0xx_HAL_Driver\Src\stm32l0xx_hal_rtc_ex.o
                0x0800a224                HAL_RTCEx_AlarmBEventCallback
 *fill*         0x0800a226        0x2 
 .text.SPI_WaitFlagStateUntilTimeout
                0x0800a228       0x9c Drivers\STM32L0xx_HAL_Driver\Src\stm32l0xx_hal_spi.o
 .text.SPI_EndRxTxTransaction
                0x0800a2c4       0x5a Drivers\STM32L0xx_HAL_Driver\Src\stm32l0xx_hal_spi.o
 .text.SPI_EndRxTransaction
                0x0800a31e       0x9e Drivers\STM32L0xx_HAL_Driver\Src\stm32l0xx_hal_spi.o
 .text.HAL_SPI_Init
                0x0800a3bc       0x88 Drivers\STM32L0xx_HAL_Driver\Src\stm32l0xx_hal_spi.o
                0x0800a3bc                HAL_SPI_Init
 .text.HAL_SPI_Transmit
                0x0800a444      0x198 Drivers\STM32L0xx_HAL_Driver\Src\stm32l0xx_hal_spi.o
                0x0800a444                HAL_SPI_Transmit
 .text.HAL_SPI_TransmitReceive
                0x0800a5dc      0x22a Drivers\STM32L0xx_HAL_Driver\Src\stm32l0xx_hal_spi.o
                0x0800a5dc                HAL_SPI_TransmitReceive
 *fill*         0x0800a806        0x2 
 .text.HAL_SPI_Receive
                0x0800a808      0x160 Drivers\STM32L0xx_HAL_Driver\Src\stm32l0xx_hal_spi.o
                0x0800a808                HAL_SPI_Receive
 .text.TIM_Base_SetConfig
                0x0800a968       0x70 Drivers\STM32L0xx_HAL_Driver\Src\stm32l0xx_hal_tim.o
 .text.TIM_OC1_SetConfig
                0x0800a9d8       0x2c Drivers\STM32L0xx_HAL_Driver\Src\stm32l0xx_hal_tim.o
 .text.TIM_OC2_SetConfig
                0x0800aa04       0x34 Drivers\STM32L0xx_HAL_Driver\Src\stm32l0xx_hal_tim.o
 .text.TIM_OC3_SetConfig
                0x0800aa38       0x38 Drivers\STM32L0xx_HAL_Driver\Src\stm32l0xx_hal_tim.o
 .text.TIM_OC4_SetConfig
                0x0800aa70       0x3c Drivers\STM32L0xx_HAL_Driver\Src\stm32l0xx_hal_tim.o
 .text.TIM_TI1_ConfigInputStage
                0x0800aaac       0x22 Drivers\STM32L0xx_HAL_Driver\Src\stm32l0xx_hal_tim.o
 *fill*         0x0800aace        0x2 
 .text.TIM_TI2_ConfigInputStage
                0x0800aad0       0x28 Drivers\STM32L0xx_HAL_Driver\Src\stm32l0xx_hal_tim.o
 .text.TIM_ITRx_SetConfig
                0x0800aaf8       0x12 Drivers\STM32L0xx_HAL_Driver\Src\stm32l0xx_hal_tim.o
 *fill*         0x0800ab0a        0x2 
 .text.TIM_ETR_SetConfig
                0x0800ab0c       0x18 Drivers\STM32L0xx_HAL_Driver\Src\stm32l0xx_hal_tim.o
 .text.HAL_TIM_Base_Init
                0x0800ab24       0x34 Drivers\STM32L0xx_HAL_Driver\Src\stm32l0xx_hal_tim.o
                0x0800ab24                HAL_TIM_Base_Init
 .text.HAL_TIM_PWM_Init
                0x0800ab58       0x34 Drivers\STM32L0xx_HAL_Driver\Src\stm32l0xx_hal_tim.o
                0x0800ab58                HAL_TIM_PWM_Init
 .text.HAL_TIM_OnePulse_MspInit
                0x0800ab8c        0x2 Drivers\STM32L0xx_HAL_Driver\Src\stm32l0xx_hal_tim.o
                0x0800ab8c                HAL_TIM_OnePulse_MspInit
 .text.HAL_TIM_OnePulse_Init
                0x0800ab8e       0x4a Drivers\STM32L0xx_HAL_Driver\Src\stm32l0xx_hal_tim.o
                0x0800ab8e                HAL_TIM_OnePulse_Init
 .text.HAL_TIM_PWM_ConfigChannel
                0x0800abd8       0xec Drivers\STM32L0xx_HAL_Driver\Src\stm32l0xx_hal_tim.o
                0x0800abd8                HAL_TIM_PWM_ConfigChannel
 .text.HAL_TIM_ConfigClockSource
                0x0800acc4       0xe4 Drivers\STM32L0xx_HAL_Driver\Src\stm32l0xx_hal_tim.o
                0x0800acc4                HAL_TIM_ConfigClockSource
 .text.HAL_TIM_OC_DelayElapsedCallback
                0x0800ada8        0x2 Drivers\STM32L0xx_HAL_Driver\Src\stm32l0xx_hal_tim.o
                0x0800ada8                HAL_TIM_OC_DelayElapsedCallback
 .text.HAL_TIM_IC_CaptureCallback
                0x0800adaa        0x2 Drivers\STM32L0xx_HAL_Driver\Src\stm32l0xx_hal_tim.o
                0x0800adaa                HAL_TIM_IC_CaptureCallback
 .text.HAL_TIM_PWM_PulseFinishedCallback
                0x0800adac        0x2 Drivers\STM32L0xx_HAL_Driver\Src\stm32l0xx_hal_tim.o
                0x0800adac                HAL_TIM_PWM_PulseFinishedCallback
 .text.HAL_TIM_TriggerCallback
                0x0800adae        0x2 Drivers\STM32L0xx_HAL_Driver\Src\stm32l0xx_hal_tim.o
                0x0800adae                HAL_TIM_TriggerCallback
 .text.HAL_TIM_IRQHandler
                0x0800adb0      0x122 Drivers\STM32L0xx_HAL_Driver\Src\stm32l0xx_hal_tim.o
                0x0800adb0                HAL_TIM_IRQHandler
 .text.HAL_TIMEx_MasterConfigSynchronization
                0x0800aed2       0x56 Drivers\STM32L0xx_HAL_Driver\Src\stm32l0xx_hal_tim_ex.o
                0x0800aed2                HAL_TIMEx_MasterConfigSynchronization
 .text.HAL_WWDG_Init
                0x0800af28       0x2a Drivers\STM32L0xx_HAL_Driver\Src\stm32l0xx_hal_wwdg.o
                0x0800af28                HAL_WWDG_Init
 .text.HAL_WWDG_Refresh
                0x0800af52        0xa Drivers\STM32L0xx_HAL_Driver\Src\stm32l0xx_hal_wwdg.o
                0x0800af52                HAL_WWDG_Refresh
 .text.HAL_WWDG_EarlyWakeupCallback
                0x0800af5c        0x2 Drivers\STM32L0xx_HAL_Driver\Src\stm32l0xx_hal_wwdg.o
                0x0800af5c                HAL_WWDG_EarlyWakeupCallback
 .text.HAL_WWDG_IRQHandler
                0x0800af5e       0x1e Drivers\STM32L0xx_HAL_Driver\Src\stm32l0xx_hal_wwdg.o
                0x0800af5e                HAL_WWDG_IRQHandler
 .text.FactoryTestIRQ
                0x0800af7c       0x60 FactoryTest\TestVyroba.o
                0x0800af7c                FactoryTestIRQ
 .text.TV_InitFactoryTest
                0x0800afdc       0x34 FactoryTest\TestVyroba.o
                0x0800afdc                TV_InitFactoryTest
 .text.TV_UpdateRssiValue
                0x0800b010        0xc FactoryTest\TestVyroba.o
                0x0800b010                TV_UpdateRssiValue
 .text.TV_SaveRxSensitivity_OK
                0x0800b01c       0x34 FactoryTest\TestVyroba.o
                0x0800b01c                TV_SaveRxSensitivity_OK
 .text.TV_DecodeRxMessage
                0x0800b050      0x1c4 FactoryTest\TestVyroba.o
                0x0800b050                TV_DecodeRxMessage
 .text.makeFreeRtosPriority
                0x0800b214        0xc Middlewares\Third_Party\FreeRTOS\Source\CMSIS_RTOS\cmsis_os.o
 .text.inHandlerMode
                0x0800b220        0xa Middlewares\Third_Party\FreeRTOS\Source\CMSIS_RTOS\cmsis_os.o
 .text.osKernelStart
                0x0800b22a        0xa Middlewares\Third_Party\FreeRTOS\Source\CMSIS_RTOS\cmsis_os.o
                0x0800b22a                osKernelStart
 .text.osThreadCreate
                0x0800b234       0x6c Middlewares\Third_Party\FreeRTOS\Source\CMSIS_RTOS\cmsis_os.o
                0x0800b234                osThreadCreate
 .text.osThreadYield
                0x0800b2a0        0xa Middlewares\Third_Party\FreeRTOS\Source\CMSIS_RTOS\cmsis_os.o
                0x0800b2a0                osThreadYield
 .text.osDelay  0x0800b2aa       0x10 Middlewares\Third_Party\FreeRTOS\Source\CMSIS_RTOS\cmsis_os.o
                0x0800b2aa                osDelay
 *fill*         0x0800b2ba        0x2 
 .text.osTimerCreate
                0x0800b2bc       0x44 Middlewares\Third_Party\FreeRTOS\Source\CMSIS_RTOS\cmsis_os.o
                0x0800b2bc                osTimerCreate
 .text.osTimerStart
                0x0800b300       0x68 Middlewares\Third_Party\FreeRTOS\Source\CMSIS_RTOS\cmsis_os.o
                0x0800b300                osTimerStart
 .text.osTimerStop
                0x0800b368       0x60 Middlewares\Third_Party\FreeRTOS\Source\CMSIS_RTOS\cmsis_os.o
                0x0800b368                osTimerStop
 .text.osMessageCreate
                0x0800b3c8       0x2c Middlewares\Third_Party\FreeRTOS\Source\CMSIS_RTOS\cmsis_os.o
                0x0800b3c8                osMessageCreate
 .text.osThreadSuspendAll
                0x0800b3f4        0xa Middlewares\Third_Party\FreeRTOS\Source\CMSIS_RTOS\cmsis_os.o
                0x0800b3f4                osThreadSuspendAll
 .text.osThreadResumeAll
                0x0800b3fe       0x12 Middlewares\Third_Party\FreeRTOS\Source\CMSIS_RTOS\cmsis_os.o
                0x0800b3fe                osThreadResumeAll
 .text.vListInitialise
                0x0800b410       0x16 Middlewares\Third_Party\FreeRTOS\Source\list.o
                0x0800b410                vListInitialise
 .text.vListInitialiseItem
                0x0800b426        0x6 Middlewares\Third_Party\FreeRTOS\Source\list.o
                0x0800b426                vListInitialiseItem
 .text.vListInsertEnd
                0x0800b42c       0x18 Middlewares\Third_Party\FreeRTOS\Source\list.o
                0x0800b42c                vListInsertEnd
 .text.vListInsert
                0x0800b444       0x30 Middlewares\Third_Party\FreeRTOS\Source\list.o
                0x0800b444                vListInsert
 .text.uxListRemove
                0x0800b474       0x28 Middlewares\Third_Party\FreeRTOS\Source\list.o
                0x0800b474                uxListRemove
 .text.prvTaskExitError
                0x0800b49c       0x24 Middlewares\Third_Party\FreeRTOS\Source\portable\GCC\ARM_CM0\port.o
 .text.vPortStartFirstTask
                0x0800b4c0       0x34 Middlewares\Third_Party\FreeRTOS\Source\portable\GCC\ARM_CM0\port.o
 .text.pxPortInitialiseStack
                0x0800b4f4       0x20 Middlewares\Third_Party\FreeRTOS\Source\portable\GCC\ARM_CM0\port.o
                0x0800b4f4                pxPortInitialiseStack
 .text.SVC_Handler
                0x0800b514        0x2 Middlewares\Third_Party\FreeRTOS\Source\portable\GCC\ARM_CM0\port.o
                0x0800b514                SVC_Handler
 *fill*         0x0800b516        0x2 
 .text.vPortYield
                0x0800b518       0x18 Middlewares\Third_Party\FreeRTOS\Source\portable\GCC\ARM_CM0\port.o
                0x0800b518                vPortYield
 .text.vPortEnterCritical
                0x0800b530       0x18 Middlewares\Third_Party\FreeRTOS\Source\portable\GCC\ARM_CM0\port.o
                0x0800b530                vPortEnterCritical
 .text.vPortExitCritical
                0x0800b548       0x20 Middlewares\Third_Party\FreeRTOS\Source\portable\GCC\ARM_CM0\port.o
                0x0800b548                vPortExitCritical
 .text.ulSetInterruptMaskFromISR
                0x0800b568        0x8 Middlewares\Third_Party\FreeRTOS\Source\portable\GCC\ARM_CM0\port.o
                0x0800b568                ulSetInterruptMaskFromISR
 .text.vClearInterruptMaskFromISR
                0x0800b570        0x6 Middlewares\Third_Party\FreeRTOS\Source\portable\GCC\ARM_CM0\port.o
                0x0800b570                vClearInterruptMaskFromISR
 *fill*         0x0800b576        0xa 
 .text.PendSV_Handler
                0x0800b580       0x44 Middlewares\Third_Party\FreeRTOS\Source\portable\GCC\ARM_CM0\port.o
                0x0800b580                PendSV_Handler
 .text.xPortSysTickHandler
                0x0800b5c4       0x24 Middlewares\Third_Party\FreeRTOS\Source\portable\GCC\ARM_CM0\port.o
                0x0800b5c4                xPortSysTickHandler
 .text.xPortStartScheduler
                0x0800b5e8       0x3c Middlewares\Third_Party\FreeRTOS\Source\portable\GCC\ARM_CM0\port.o
                0x0800b5e8                xPortStartScheduler
 .text.prvHeapInit
                0x0800b624       0x64 Middlewares\Third_Party\FreeRTOS\Source\portable\MemMang\heap_4.o
 .text.prvInsertBlockIntoFreeList
                0x0800b688       0x54 Middlewares\Third_Party\FreeRTOS\Source\portable\MemMang\heap_4.o
 .text.pvPortMalloc
                0x0800b6dc       0xe4 Middlewares\Third_Party\FreeRTOS\Source\portable\MemMang\heap_4.o
                0x0800b6dc                pvPortMalloc
 .text.vPortFree
                0x0800b7c0       0x54 Middlewares\Third_Party\FreeRTOS\Source\portable\MemMang\heap_4.o
                0x0800b7c0                vPortFree
 .text.xPortGetMinimumEverFreeHeapSize
                0x0800b814        0xc Middlewares\Third_Party\FreeRTOS\Source\portable\MemMang\heap_4.o
                0x0800b814                xPortGetMinimumEverFreeHeapSize
 .text.prvIsQueueFull
                0x0800b820       0x1e Middlewares\Third_Party\FreeRTOS\Source\queue.o
 .text.prvIsQueueEmpty
                0x0800b83e       0x1c Middlewares\Third_Party\FreeRTOS\Source\queue.o
 .text.prvCopyDataToQueue
                0x0800b85a       0x82 Middlewares\Third_Party\FreeRTOS\Source\queue.o
 .text.prvCopyDataFromQueue
                0x0800b8dc       0x24 Middlewares\Third_Party\FreeRTOS\Source\queue.o
 .text.prvUnlockQueue
                0x0800b900       0x72 Middlewares\Third_Party\FreeRTOS\Source\queue.o
 .text.xQueueGenericReset
                0x0800b972       0x6e Middlewares\Third_Party\FreeRTOS\Source\queue.o
                0x0800b972                xQueueGenericReset
 .text.prvInitialiseNewQueue
                0x0800b9e0       0x1c Middlewares\Third_Party\FreeRTOS\Source\queue.o
 .text.xQueueGenericCreateStatic
                0x0800b9fc       0x66 Middlewares\Third_Party\FreeRTOS\Source\queue.o
                0x0800b9fc                xQueueGenericCreateStatic
 .text.xQueueGenericCreate
                0x0800ba62       0x44 Middlewares\Third_Party\FreeRTOS\Source\queue.o
                0x0800ba62                xQueueGenericCreate
 .text.xQueueGenericSend
                0x0800baa6      0x140 Middlewares\Third_Party\FreeRTOS\Source\queue.o
                0x0800baa6                xQueueGenericSend
 .text.xQueueGenericSendFromISR
                0x0800bbe6       0xb2 Middlewares\Third_Party\FreeRTOS\Source\queue.o
                0x0800bbe6                xQueueGenericSendFromISR
 .text.xQueueReceive
                0x0800bc98      0x126 Middlewares\Third_Party\FreeRTOS\Source\queue.o
                0x0800bc98                xQueueReceive
 *fill*         0x0800bdbe        0x2 
 .text.vQueueAddToRegistry
                0x0800bdc0       0x24 Middlewares\Third_Party\FreeRTOS\Source\queue.o
                0x0800bdc0                vQueueAddToRegistry
 .text.vQueueWaitForMessageRestricted
                0x0800bde4       0x50 Middlewares\Third_Party\FreeRTOS\Source\queue.o
                0x0800bde4                vQueueWaitForMessageRestricted
 .text.prvGetExpectedIdleTime
                0x0800be34       0x50 Middlewares\Third_Party\FreeRTOS\Source\tasks.o
 .text.prvResetNextTaskUnblockTime
                0x0800be84       0x38 Middlewares\Third_Party\FreeRTOS\Source\tasks.o
 .text.prvInitialiseNewTask
                0x0800bebc       0x98 Middlewares\Third_Party\FreeRTOS\Source\tasks.o
 .text.prvInitialiseTaskLists
                0x0800bf54       0x68 Middlewares\Third_Party\FreeRTOS\Source\tasks.o
 .text.prvAddNewTaskToReadyList
                0x0800bfbc       0xa0 Middlewares\Third_Party\FreeRTOS\Source\tasks.o
 .text.prvDeleteTCB
                0x0800c05c       0x2c Middlewares\Third_Party\FreeRTOS\Source\tasks.o
 .text.prvCheckTasksWaitingTermination
                0x0800c088       0x44 Middlewares\Third_Party\FreeRTOS\Source\tasks.o
 .text.prvAddCurrentTaskToDelayedList
                0x0800c0cc       0x7c Middlewares\Third_Party\FreeRTOS\Source\tasks.o
 .text.xTaskCreateStatic
                0x0800c148       0x4c Middlewares\Third_Party\FreeRTOS\Source\tasks.o
                0x0800c148                xTaskCreateStatic
 .text.xTaskCreate
                0x0800c194       0x62 Middlewares\Third_Party\FreeRTOS\Source\tasks.o
                0x0800c194                xTaskCreate
 *fill*         0x0800c1f6        0x2 
 .text.vTaskStartScheduler
                0x0800c1f8       0x80 Middlewares\Third_Party\FreeRTOS\Source\tasks.o
                0x0800c1f8                vTaskStartScheduler
 .text.vTaskSuspendAll
                0x0800c278       0x10 Middlewares\Third_Party\FreeRTOS\Source\tasks.o
                0x0800c278                vTaskSuspendAll
 .text.xTaskGetTickCount
                0x0800c288        0xc Middlewares\Third_Party\FreeRTOS\Source\tasks.o
                0x0800c288                xTaskGetTickCount
 .text.vTaskStepTick
                0x0800c294       0x24 Middlewares\Third_Party\FreeRTOS\Source\tasks.o
                0x0800c294                vTaskStepTick
 .text.xTaskIncrementTick
                0x0800c2b8      0x11c Middlewares\Third_Party\FreeRTOS\Source\tasks.o
                0x0800c2b8                xTaskIncrementTick
 .text.xTaskResumeAll
                0x0800c3d4       0xec Middlewares\Third_Party\FreeRTOS\Source\tasks.o
                0x0800c3d4                xTaskResumeAll
 .text.vTaskDelay
                0x0800c4c0       0x34 Middlewares\Third_Party\FreeRTOS\Source\tasks.o
                0x0800c4c0                vTaskDelay
 .text.prvIdleTask
                0x0800c4f4       0x50 Middlewares\Third_Party\FreeRTOS\Source\tasks.o
 .text.vTaskSwitchContext
                0x0800c544       0xa4 Middlewares\Third_Party\FreeRTOS\Source\tasks.o
                0x0800c544                vTaskSwitchContext
 .text.vTaskPlaceOnEventList
                0x0800c5e8       0x24 Middlewares\Third_Party\FreeRTOS\Source\tasks.o
                0x0800c5e8                vTaskPlaceOnEventList
 .text.vTaskPlaceOnEventListRestricted
                0x0800c60c       0x30 Middlewares\Third_Party\FreeRTOS\Source\tasks.o
                0x0800c60c                vTaskPlaceOnEventListRestricted
 .text.xTaskRemoveFromEventList
                0x0800c63c       0x88 Middlewares\Third_Party\FreeRTOS\Source\tasks.o
                0x0800c63c                xTaskRemoveFromEventList
 .text.vTaskInternalSetTimeOutState
                0x0800c6c4       0x18 Middlewares\Third_Party\FreeRTOS\Source\tasks.o
                0x0800c6c4                vTaskInternalSetTimeOutState
 .text.xTaskCheckForTimeOut
                0x0800c6dc       0x68 Middlewares\Third_Party\FreeRTOS\Source\tasks.o
                0x0800c6dc                xTaskCheckForTimeOut
 .text.vTaskMissedYield
                0x0800c744        0xc Middlewares\Third_Party\FreeRTOS\Source\tasks.o
                0x0800c744                vTaskMissedYield
 .text.eTaskConfirmSleepModeStatus
                0x0800c750       0x40 Middlewares\Third_Party\FreeRTOS\Source\tasks.o
                0x0800c750                eTaskConfirmSleepModeStatus
 .text.xTaskGetCurrentTaskHandle
                0x0800c790        0xc Middlewares\Third_Party\FreeRTOS\Source\tasks.o
                0x0800c790                xTaskGetCurrentTaskHandle
 .text.xTaskGetSchedulerState
                0x0800c79c       0x24 Middlewares\Third_Party\FreeRTOS\Source\tasks.o
                0x0800c79c                xTaskGetSchedulerState
 .text.xTaskPriorityDisinherit
                0x0800c7c0       0x78 Middlewares\Third_Party\FreeRTOS\Source\tasks.o
                0x0800c7c0                xTaskPriorityDisinherit
 .text.ulTaskNotifyTake
                0x0800c838       0x6c Middlewares\Third_Party\FreeRTOS\Source\tasks.o
                0x0800c838                ulTaskNotifyTake
 .text.xTaskGenericNotify
                0x0800c8a4       0xc0 Middlewares\Third_Party\FreeRTOS\Source\tasks.o
                0x0800c8a4                xTaskGenericNotify
 .text.vTaskNotifyGiveFromISR
                0x0800c964       0xa8 Middlewares\Third_Party\FreeRTOS\Source\tasks.o
                0x0800c964                vTaskNotifyGiveFromISR
 .text.prvGetNextExpireTime
                0x0800ca0c       0x20 Middlewares\Third_Party\FreeRTOS\Source\timers.o
 .text.prvInsertTimerInActiveList
                0x0800ca2c       0x48 Middlewares\Third_Party\FreeRTOS\Source\timers.o
 .text.prvCheckForValidListAndQueue
                0x0800ca74       0x70 Middlewares\Third_Party\FreeRTOS\Source\timers.o
 .text.prvInitialiseNewTimer
                0x0800cae4       0x3a Middlewares\Third_Party\FreeRTOS\Source\timers.o
 *fill*         0x0800cb1e        0x2 
 .text.xTimerCreateTimerTask
                0x0800cb20       0x64 Middlewares\Third_Party\FreeRTOS\Source\timers.o
                0x0800cb20                xTimerCreateTimerTask
 .text.xTimerCreate
                0x0800cb84       0x34 Middlewares\Third_Party\FreeRTOS\Source\timers.o
                0x0800cb84                xTimerCreate
 .text.xTimerCreateStatic
                0x0800cbb8       0x32 Middlewares\Third_Party\FreeRTOS\Source\timers.o
                0x0800cbb8                xTimerCreateStatic
 *fill*         0x0800cbea        0x2 
 .text.xTimerGenericCommand
                0x0800cbec       0x60 Middlewares\Third_Party\FreeRTOS\Source\timers.o
                0x0800cbec                xTimerGenericCommand
 .text.prvSwitchTimerLists
                0x0800cc4c       0x6c Middlewares\Third_Party\FreeRTOS\Source\timers.o
 .text.prvSampleTimeNow
                0x0800ccb8       0x2c Middlewares\Third_Party\FreeRTOS\Source\timers.o
 .text.prvProcessExpiredTimer
                0x0800cce4       0x54 Middlewares\Third_Party\FreeRTOS\Source\timers.o
 .text.prvProcessTimerOrBlockTask
                0x0800cd38       0x6c Middlewares\Third_Party\FreeRTOS\Source\timers.o
 .text.prvProcessReceivedCommands
                0x0800cda4       0xb4 Middlewares\Third_Party\FreeRTOS\Source\timers.o
 .text.prvTimerTask
                0x0800ce58       0x16 Middlewares\Third_Party\FreeRTOS\Source\timers.o
 .text.xTimerIsTimerActive
                0x0800ce6e       0x1e Middlewares\Third_Party\FreeRTOS\Source\timers.o
                0x0800ce6e                xTimerIsTimerActive
 .text.LC_EncryptGeneralPacket
                0x0800ce8c       0x74 Submodules\RF_Semtech\LoRa_Codec.o
                0x0800ce8c                LC_EncryptGeneralPacket
 .text.crc16    0x0800cf00       0x24 Submodules\RF_Semtech\LoRa_Codec.o
                0x0800cf00                crc16
 .text.LD_UpSendMyAesKeyToGW
                0x0800cf24       0xc0 Submodules\RF_Semtech\LoRa_Codec.o
                0x0800cf24                LD_UpSendMyAesKeyToGW
 .text.LD_UpMonitorInfo
                0x0800cfe4      0x114 Submodules\RF_Semtech\LoRa_Codec.o
                0x0800cfe4                LD_UpMonitorInfo
 .text.LD_UpMyNameIs
                0x0800d0f8       0xfc Submodules\RF_Semtech\LoRa_Codec.o
                0x0800d0f8                LD_UpMyNameIs
 .text.LD_DecodingDownPackets
                0x0800d1f4      0x1a4 Submodules\RF_Semtech\LoRa_Codec.o
                0x0800d1f4                LD_DecodingDownPackets
 .text.LC_DecryptGeneralPacket
                0x0800d398       0xb4 Submodules\RF_Semtech\LoRa_Codec.o
                0x0800d398                LC_DecryptGeneralPacket
 .text.RadioGetStatus
                0x0800d44c       0x22 Submodules\RF_Semtech\radio.o
                0x0800d44c                RadioGetStatus
 .text.RadioSetChannel
                0x0800d46e        0x8 Submodules\RF_Semtech\radio.o
                0x0800d46e                RadioSetChannel
 *fill*         0x0800d476        0x2 
 .text.RadioSend
                0x0800d478       0x40 Submodules\RF_Semtech\radio.o
                0x0800d478                RadioSend
 .text.RadioSleep
                0x0800d4b8       0x10 Submodules\RF_Semtech\radio.o
                0x0800d4b8                RadioSleep
 .text.RadioStandby
                0x0800d4c8       0x10 Submodules\RF_Semtech\radio.o
                0x0800d4c8                RadioStandby
 .text.RadioCleanAndStandby
                0x0800d4d8       0x1c Submodules\RF_Semtech\radio.o
                0x0800d4d8                RadioCleanAndStandby
 .text.RadioInit
                0x0800d4f4       0x3c Submodules\RF_Semtech\radio.o
                0x0800d4f4                RadioInit
 .text.RadioDeinit
                0x0800d530        0xc Submodules\RF_Semtech\radio.o
                0x0800d530                RadioDeinit
 .text.RadioRxBoosted
                0x0800d53c       0x40 Submodules\RF_Semtech\radio.o
                0x0800d53c                RadioRxBoosted
 .text.RadioStartCad
                0x0800d57c        0xe Submodules\RF_Semtech\radio.o
                0x0800d57c                RadioStartCad
 .text.RadioSetTxContinuousWave
                0x0800d58a       0x14 Submodules\RF_Semtech\radio.o
                0x0800d58a                RadioSetTxContinuousWave
 *fill*         0x0800d59e        0x2 
 .text.RadioSetPublicNetwork
                0x0800d5a0       0x44 Submodules\RF_Semtech\radio.o
                0x0800d5a0                RadioSetPublicNetwork
 .text.RadioSetModem
                0x0800d5e4       0x30 Submodules\RF_Semtech\radio.o
                0x0800d5e4                RadioSetModem
 .text.RadioSetRxConfig
                0x0800d614      0x130 Submodules\RF_Semtech\radio.o
                0x0800d614                RadioSetRxConfig
 .text.RadioSetTxConfig
                0x0800d744      0x100 Submodules\RF_Semtech\radio.o
                0x0800d744                RadioSetTxConfig
 .text.SX126xGetOperatingMode
                0x0800d844        0xc Submodules\RF_Semtech\sx126x.o
                0x0800d844                SX126xGetOperatingMode
 .text.SX126xCheckDeviceReady
                0x0800d850       0x1e Submodules\RF_Semtech\sx126x.o
                0x0800d850                SX126xCheckDeviceReady
 .text.SX126xSetPayload
                0x0800d86e        0xe Submodules\RF_Semtech\sx126x.o
                0x0800d86e                SX126xSetPayload
 .text.SX126xSetSleep
                0x0800d87c       0x20 Submodules\RF_Semtech\sx126x.o
                0x0800d87c                SX126xSetSleep
 .text.SX126xSetStandby
                0x0800d89c       0x30 Submodules\RF_Semtech\sx126x.o
                0x0800d89c                SX126xSetStandby
 .text.SX126xSetTx
                0x0800d8cc       0x28 Submodules\RF_Semtech\sx126x.o
                0x0800d8cc                SX126xSetTx
 .text.SX126xSendPayload
                0x0800d8f4       0x16 Submodules\RF_Semtech\sx126x.o
                0x0800d8f4                SX126xSendPayload
 *fill*         0x0800d90a        0x2 
 .text.SX126xSetRx
                0x0800d90c       0x34 Submodules\RF_Semtech\sx126x.o
                0x0800d90c                SX126xSetRx
 .text.SX126xGetMultipleRandom32Bit
                0x0800d940       0x34 Submodules\RF_Semtech\sx126x.o
                0x0800d940                SX126xGetMultipleRandom32Bit
 .text.SX126xSetRxBoosted
                0x0800d974       0x34 Submodules\RF_Semtech\sx126x.o
                0x0800d974                SX126xSetRxBoosted
 .text.SX126xSetCad
                0x0800d9a8       0x20 Submodules\RF_Semtech\sx126x.o
                0x0800d9a8                SX126xSetCad
 .text.SX126xSetTxContinuousWave
                0x0800d9c8       0x14 Submodules\RF_Semtech\sx126x.o
                0x0800d9c8                SX126xSetTxContinuousWave
 .text.SX126xSetStopRxTimerOnPreambleDetect
                0x0800d9dc       0x16 Submodules\RF_Semtech\sx126x.o
                0x0800d9dc                SX126xSetStopRxTimerOnPreambleDetect
 .text.SX126xSetLoRaSymbNumTimeout
                0x0800d9f2       0x16 Submodules\RF_Semtech\sx126x.o
                0x0800d9f2                SX126xSetLoRaSymbNumTimeout
 .text.SX126xSetRegulatorMode
                0x0800da08       0x16 Submodules\RF_Semtech\sx126x.o
                0x0800da08                SX126xSetRegulatorMode
 *fill*         0x0800da1e        0x2 
 .text.SX126xCalibrateImage
                0x0800da20       0x80 Submodules\RF_Semtech\sx126x.o
                0x0800da20                SX126xCalibrateImage
 .text.SX126xSetPaConfig
                0x0800daa0       0x1c Submodules\RF_Semtech\sx126x.o
                0x0800daa0                SX126xSetPaConfig
 .text.SX126xSetDioIrqParams
                0x0800dabc       0x2c Submodules\RF_Semtech\sx126x.o
                0x0800dabc                SX126xSetDioIrqParams
 .text.SX126xGetIrqStatus
                0x0800dae8       0x1c Submodules\RF_Semtech\sx126x.o
                0x0800dae8                SX126xGetIrqStatus
 .text.SX126xSetDio2AsRfSwitchCtrl
                0x0800db04       0x16 Submodules\RF_Semtech\sx126x.o
                0x0800db04                SX126xSetDio2AsRfSwitchCtrl
 *fill*         0x0800db1a        0x2 
 .text.SX126xInit
                0x0800db1c       0x24 Submodules\RF_Semtech\sx126x.o
                0x0800db1c                SX126xInit
 .text.SX126xSetRfFrequency
                0x0800db40       0x50 Submodules\RF_Semtech\sx126x.o
                0x0800db40                SX126xSetRfFrequency
 .text.SX126xSetPacketType
                0x0800db90       0x20 Submodules\RF_Semtech\sx126x.o
                0x0800db90                SX126xSetPacketType
 .text.SX126xGetPacketType
                0x0800dbb0        0xc Submodules\RF_Semtech\sx126x.o
                0x0800dbb0                SX126xGetPacketType
 .text.SX126xSetCrcSeed
                0x0800dbbc       0x28 Submodules\RF_Semtech\sx126x.o
                0x0800dbbc                SX126xSetCrcSeed
 .text.SX126xSetCrcPolynomial
                0x0800dbe4       0x28 Submodules\RF_Semtech\sx126x.o
                0x0800dbe4                SX126xSetCrcPolynomial
 .text.SX126xSetTxParams
                0x0800dc0c       0x84 Submodules\RF_Semtech\sx126x.o
                0x0800dc0c                SX126xSetTxParams
 .text.SX126xSetModulationParams
                0x0800dc90       0xb8 Submodules\RF_Semtech\sx126x.o
                0x0800dc90                SX126xSetModulationParams
 .text.SX126xSetPacketParams
                0x0800dd48       0xb8 Submodules\RF_Semtech\sx126x.o
                0x0800dd48                SX126xSetPacketParams
 .text.SX126xSetCadParams
                0x0800de00       0x34 Submodules\RF_Semtech\sx126x.o
                0x0800de00                SX126xSetCadParams
 .text.SX126xSetBufferBaseAddress
                0x0800de34       0x18 Submodules\RF_Semtech\sx126x.o
                0x0800de34                SX126xSetBufferBaseAddress
 .text.SX126xGetRxBufferStatus
                0x0800de4c       0x4c Submodules\RF_Semtech\sx126x.o
                0x0800de4c                SX126xGetRxBufferStatus
 .text.SX126xGetPayload
                0x0800de98       0x32 Submodules\RF_Semtech\sx126x.o
                0x0800de98                SX126xGetPayload
 *fill*         0x0800deca        0x2 
 .text.SX126xGetPacketStatus
                0x0800decc       0x84 Submodules\RF_Semtech\sx126x.o
                0x0800decc                SX126xGetPacketStatus
 .text.SX126xClearIrqStatus
                0x0800df50       0x18 Submodules\RF_Semtech\sx126x.o
                0x0800df50                SX126xClearIrqStatus
 .text.SX126xSetRfTxPower
                0x0800df68        0xa Submodules\RF_Semtech\sx126x.o
                0x0800df68                SX126xSetRfTxPower
 *fill*         0x0800df72        0x2 
 .text.RU_GetRfFrequency
                0x0800df74       0x40 Submodules\TemplateRadioUser.o
                0x0800df74                RU_GetRfFrequency
 .text.RU_LoRaConfigAndStartRX
                0x0800dfb4       0x60 Submodules\TemplateRadioUser.o
                0x0800dfb4                RU_LoRaConfigAndStartRX
 .text.RU_RFSetTXUp
                0x0800e014       0x48 Submodules\TemplateRadioUser.o
                0x0800e014                RU_RFSetTXUp
 .text.RU_SetRfFrequency
                0x0800e05c       0x24 Submodules\TemplateRadioUser.o
                0x0800e05c                RU_SetRfFrequency
 .text.LoRaScanCAD
                0x0800e080       0x32 Submodules\TemplateRadioUser.o
                0x0800e080                LoRaScanCAD
 *fill*         0x0800e0b2        0x2 
 .text.RG_SX126xReset
                0x0800e0b4       0x30 Submodules\radio_general.o
                0x0800e0b4                RG_SX126xReset
 .text.RG_SX126xWaitOnBusy
                0x0800e0e4       0x18 Submodules\radio_general.o
                0x0800e0e4                RG_SX126xWaitOnBusy
 .text.RG_SX126xGetPaSelect
                0x0800e0fc        0x4 Submodules\radio_general.o
                0x0800e0fc                RG_SX126xGetPaSelect
 .text.RG_RFSwitch
                0x0800e100       0x2c Submodules\radio_general.o
                0x0800e100                RG_RFSwitch
 .text.RG_SX1262WriteSpi
                0x0800e12c       0x1c Submodules\radio_general.o
                0x0800e12c                RG_SX1262WriteSpi
 .text.RG_SX126xWakeup
                0x0800e148       0x44 Submodules\radio_general.o
                0x0800e148                RG_SX126xWakeup
 .text.RG_SX126xWriteCommand
                0x0800e18c       0x4c Submodules\radio_general.o
                0x0800e18c                RG_SX126xWriteCommand
 .text.RG_SX126xWriteRegisters
                0x0800e1d8       0x60 Submodules\radio_general.o
                0x0800e1d8                RG_SX126xWriteRegisters
 .text.RG_SX126xWriteRegister
                0x0800e238       0x16 Submodules\radio_general.o
                0x0800e238                RG_SX126xWriteRegister
 *fill*         0x0800e24e        0x2 
 .text.RG_SX126xWriteBuffer
                0x0800e250       0x54 Submodules\radio_general.o
                0x0800e250                RG_SX126xWriteBuffer
 .text.RG_SX1262ReadSpi
                0x0800e2a4       0x1c Submodules\radio_general.o
                0x0800e2a4                RG_SX1262ReadSpi
 .text.RG_SX126xReadCommand
                0x0800e2c0       0x54 Submodules\radio_general.o
                0x0800e2c0                RG_SX126xReadCommand
 .text.RG_SX126xReadRegisters
                0x0800e314       0x6c Submodules\radio_general.o
                0x0800e314                RG_SX126xReadRegisters
 .text.RG_SX126xReadRegister
                0x0800e380       0x16 Submodules\radio_general.o
                0x0800e380                RG_SX126xReadRegister
 *fill*         0x0800e396        0x2 
 .text.RG_SX126xReadBuffer
                0x0800e398       0x60 Submodules\radio_general.o
                0x0800e398                RG_SX126xReadBuffer
 .text.Reset_Handler
                0x0800e3f8       0x50 startup\startup_stm32l071xx.o
                0x0800e3f8                Reset_Handler
 .text.Default_Handler
                0x0800e448        0x2 startup\startup_stm32l071xx.o
                0x0800e448                I2C1_IRQHandler
                0x0800e448                SPI1_IRQHandler
                0x0800e448                EXTI2_3_IRQHandler
                0x0800e448                I2C2_IRQHandler
                0x0800e448                DMA1_Channel4_5_6_7_IRQHandler
                0x0800e448                TIM3_IRQHandler
                0x0800e448                RCC_IRQHandler
                0x0800e448                USART4_5_IRQHandler
                0x0800e448                Default_Handler
                0x0800e448                I2C3_IRQHandler
                0x0800e448                SPI2_IRQHandler
                0x0800e448                TIM21_IRQHandler
                0x0800e448                LPUART1_IRQHandler
                0x0800e448                DMA1_Channel2_3_IRQHandler
                0x0800e448                USART2_IRQHandler
                0x0800e448                FLASH_IRQHandler
                0x0800e448                USART1_IRQHandler
                0x0800e448                LPTIM1_IRQHandler
 *fill*         0x0800e44a        0x2 
 .text.__libc_init_array
                0x0800e44c       0x48 c:/program files (x86)/atollic/truestudio for stm32 9.3.0/armtools/bin/../lib/gcc/arm-atollic-eabi/6.3.1/../../../../arm-atollic-eabi/lib/armv6-m\libc_nano.a(lib_a-init.o)
                0x0800e44c                __libc_init_array
 .text.memcmp   0x0800e494       0x1e c:/program files (x86)/atollic/truestudio for stm32 9.3.0/armtools/bin/../lib/gcc/arm-atollic-eabi/6.3.1/../../../../arm-atollic-eabi/lib/armv6-m\libc_nano.a(lib_a-memcmp.o)
                0x0800e494                memcmp
 .text.memcpy   0x0800e4b2       0x12 c:/program files (x86)/atollic/truestudio for stm32 9.3.0/armtools/bin/../lib/gcc/arm-atollic-eabi/6.3.1/../../../../arm-atollic-eabi/lib/armv6-m\libc_nano.a(lib_a-memcpy-stub.o)
                0x0800e4b2                memcpy
 .text.memset   0x0800e4c4       0x10 c:/program files (x86)/atollic/truestudio for stm32 9.3.0/armtools/bin/../lib/gcc/arm-atollic-eabi/6.3.1/../../../../arm-atollic-eabi/lib/armv6-m\libc_nano.a(lib_a-memset.o)
                0x0800e4c4                memset
 .text.round    0x0800e4d4       0x8c c:/program files (x86)/atollic/truestudio for stm32 9.3.0/armtools/bin/../lib/gcc/arm-atollic-eabi/6.3.1/../../../../arm-atollic-eabi/lib/armv6-m\libm.a(lib_a-s_round.o)
                0x0800e4d4                round
 *(.glue_7)
 .glue_7        0x0800e560        0x0 linker stubs
 *(.glue_7t)
 .glue_7t       0x0800e560        0x0 linker stubs
 *(.eh_frame)
 .eh_frame      0x0800e560        0x0 c:/program files (x86)/atollic/truestudio for stm32 9.3.0/armtools/bin/../lib/gcc/arm-atollic-eabi/6.3.1/armv6-m/crtbegin.o
 *(.init)
 .init          0x0800e560        0x4 c:/program files (x86)/atollic/truestudio for stm32 9.3.0/armtools/bin/../lib/gcc/arm-atollic-eabi/6.3.1/armv6-m/crti.o
                0x0800e560                _init
 .init          0x0800e564        0x8 c:/program files (x86)/atollic/truestudio for stm32 9.3.0/armtools/bin/../lib/gcc/arm-atollic-eabi/6.3.1/armv6-m/crtn.o
 *(.fini)
 .fini          0x0800e56c        0x4 c:/program files (x86)/atollic/truestudio for stm32 9.3.0/armtools/bin/../lib/gcc/arm-atollic-eabi/6.3.1/armv6-m/crti.o
                0x0800e56c                _fini
 .fini          0x0800e570        0x8 c:/program files (x86)/atollic/truestudio for stm32 9.3.0/armtools/bin/../lib/gcc/arm-atollic-eabi/6.3.1/armv6-m/crtn.o
                0x0800e578                . = ALIGN (0x4)
                0x0800e578                _etext = .

.vfp11_veneer   0x0800e578        0x0
 .vfp11_veneer  0x0800e578        0x0 linker stubs

.v4_bx          0x0800e578        0x0
 .v4_bx         0x0800e578        0x0 linker stubs

.iplt           0x0800e578        0x0
 .iplt          0x0800e578        0x0 c:/program files (x86)/atollic/truestudio for stm32 9.3.0/armtools/bin/../lib/gcc/arm-atollic-eabi/6.3.1/armv6-m/crtbegin.o

.rodata         0x0800e578      0x340
                0x0800e578                . = ALIGN (0x4)
 *(.rodata)
 .rodata        0x0800e578       0xa8 Core\Src\freertos.o
 .rodata        0x0800e620       0x40 c:/program files (x86)/atollic/truestudio for stm32 9.3.0/armtools/bin/../lib/gcc/arm-atollic-eabi/6.3.1/armv6-m\libgcc.a(divdf3.o)
 .rodata        0x0800e660       0x40 c:/program files (x86)/atollic/truestudio for stm32 9.3.0/armtools/bin/../lib/gcc/arm-atollic-eabi/6.3.1/armv6-m\libgcc.a(muldf3.o)
 *(.rodata*)
 .rodata.str1.4
                0x0800e6a0       0x11 Core\Src\freertos.o
 *fill*         0x0800e6b1        0x3 
 .rodata.AHBPrescTable
                0x0800e6b4       0x10 Core\Src\system_stm32l0xx.o
                0x0800e6b4                AHBPrescTable
 .rodata.PLLMulTable
                0x0800e6c4        0x9 Core\Src\system_stm32l0xx.o
                0x0800e6c4                PLLMulTable
 *fill*         0x0800e6cd        0x3 
 .rodata.ARP_PairTreatment
                0x0800e6d0       0x4c Core\TaskCore\AuxRfProcess.o
 .rodata.ARP_RfTestFactoryRSSI.str1.4
                0x0800e71c       0x10 Core\TaskCore\AuxRfProcess.o
 .rodata.ARP_SendMyName.str1.4
                0x0800e72c        0xd Core\TaskCore\AuxRfProcess.o
 *fill*         0x0800e739        0x3 
 .rodata.HA_GeneralActivity
                0x0800e73c       0x20 Core\TaskCore\HandleADC.o
 .rodata.PCT_KeyBoardSound
                0x0800e75c       0x18 Core\TaskCore\ProcessCoreTask.o
 .rodata.CORE_StateON
                0x0800e774       0x3c Core\TaskCore\TaskCore.o
 .rodata.StateCORE
                0x0800e7b0       0x18 Core\TaskCore\TaskCore.o
 .rodata.RU_CommandProcess
                0x0800e7c8       0x48 Core\TaskRF\RadioUser.o
 .rodata.StateRF
                0x0800e810       0x14 Core\TaskRF\TaskRF.o
 .rodata.DaysInMonth
                0x0800e824        0xc Core\Tickless\JR_RTC.o
 .rodata.DaysInMonthLeapYear
                0x0800e830        0xc Core\Tickless\JR_RTC.o
 .rodata.TV_DecodeRxMessage
                0x0800e83c       0x38 FactoryTest\TestVyroba.o
 .rodata.osTimerCreate.str1.4
                0x0800e874        0xd Middlewares\Third_Party\FreeRTOS\Source\CMSIS_RTOS\cmsis_os.o
                                  0x1 (size before relaxing)
 .rodata.vTaskStartScheduler.str1.4
                0x0800e874        0x5 Middlewares\Third_Party\FreeRTOS\Source\tasks.o
 *fill*         0x0800e879        0x3 
 .rodata.prvProcessReceivedCommands
                0x0800e87c       0x28 Middlewares\Third_Party\FreeRTOS\Source\timers.o
 .rodata.prvCheckForValidListAndQueue.str1.4
                0x0800e8a4        0x5 Middlewares\Third_Party\FreeRTOS\Source\timers.o
 *fill*         0x0800e8a9        0x3 
 .rodata.xTimerCreateTimerTask.str1.4
                0x0800e8ac        0x8 Middlewares\Third_Party\FreeRTOS\Source\timers.o
 .rodata.Bandwidths
                0x0800e8b4        0x3 Submodules\RF_Semtech\radio.o
                0x0800e8b4                Bandwidths
                0x0800e8b8                . = ALIGN (0x4)
 *fill*         0x0800e8b7        0x1 

FLASH           0x0800e8b8      0x20c
                [!provide]                PROVIDE (__start_FLASH, .)
 FLASH          0x0800e8b8      0x20c Core\TaskRF\AES_SW.o
                [!provide]                PROVIDE (__stop_FLASH, .)

.ARM.extab
 *(.ARM.extab* .gnu.linkonce.armextab.*)

.ARM            0x0800eac4        0x8
                0x0800eac4                __exidx_start = .
 *(.ARM.exidx*)
 .ARM.exidx     0x0800eac4        0x8 c:/program files (x86)/atollic/truestudio for stm32 9.3.0/armtools/bin/../lib/gcc/arm-atollic-eabi/6.3.1/armv6-m\libgcc.a(_udivmoddi4.o)
                0x0800eacc                __exidx_end = .

.rel.dyn        0x0800eacc        0x0
 .rel.iplt      0x0800eacc        0x0 c:/program files (x86)/atollic/truestudio for stm32 9.3.0/armtools/bin/../lib/gcc/arm-atollic-eabi/6.3.1/armv6-m/crtbegin.o

.preinit_array  0x0800eacc        0x0
                0x0800eacc                PROVIDE (__preinit_array_start, .)
 *(.preinit_array*)
                0x0800eacc                PROVIDE (__preinit_array_end, .)

.init_array     0x0800eacc        0x4
                0x0800eacc                PROVIDE (__init_array_start, .)
 *(SORT(.init_array.*))
 *(.init_array*)
 .init_array    0x0800eacc        0x4 c:/program files (x86)/atollic/truestudio for stm32 9.3.0/armtools/bin/../lib/gcc/arm-atollic-eabi/6.3.1/armv6-m/crtbegin.o
                0x0800ead0                PROVIDE (__init_array_end, .)

.fini_array     0x0800ead0        0x4
                [!provide]                PROVIDE (__fini_array_start, .)
 *(SORT(.fini_array.*))
 *(.fini_array*)
 .fini_array    0x0800ead0        0x4 c:/program files (x86)/atollic/truestudio for stm32 9.3.0/armtools/bin/../lib/gcc/arm-atollic-eabi/6.3.1/armv6-m/crtbegin.o
                [!provide]                PROVIDE (__fini_array_end, .)
                0x0800ead4                _sidata = LOADADDR (.data)

.data           0x20000000       0x3c load address 0x0800ead4
                0x20000000                . = ALIGN (0x4)
                0x20000000                _sdata = .
 *(.data)
 *(.data*)
 .data.addresCM
                0x20000000       0x30 Core\PacketCounter\EEPROM_counter.o
                0x20000000                addresCM
 .data.SystemCoreClock
                0x20000030        0x4 Core\Src\system_stm32l0xx.o
                0x20000030                SystemCoreClock
 .data.uxCriticalNesting
                0x20000034        0x4 Middlewares\Third_Party\FreeRTOS\Source\portable\GCC\ARM_CM0\port.o
 .data.MaxPayloadLength
                0x20000038        0x1 Submodules\RF_Semtech\radio.o
                0x20000038                MaxPayloadLength
                0x2000003c                . = ALIGN (0x4)
 *fill*         0x20000039        0x3 
                0x2000003c                _edata = .

.igot.plt       0x2000003c        0x0 load address 0x0800eb10
 .igot.plt      0x2000003c        0x0 c:/program files (x86)/atollic/truestudio for stm32 9.3.0/armtools/bin/../lib/gcc/arm-atollic-eabi/6.3.1/armv6-m/crtbegin.o
                0x2000003c                . = ALIGN (0x4)
